[    0.000000] Initializing cgroup subsys cpuset
[    0.000000] Initializing cgroup subsys cpu
[    0.000000] Initializing cgroup subsys cpuacct
[    0.000000] Linux version 4.4.0-210-generic (buildd@lgw01-amd64-009) (gcc version 5.4.0 20160609 (Ubuntu 5.4.0-6ubuntu1~16.04.12) ) #242-Ubuntu SMP Fri Apr 16 09:57:56 UTC 2021 (Ubuntu 4.4.0-210.242-generic 4.4.262)
[    0.000000] Command line: BOOT_IMAGE=/boot/vmlinuz-4.4.0-210-generic root=LABEL=cloudimg-rootfs ro console=tty1 console=ttyS0
[    0.000000] KERNEL supported cpus:
[    0.000000]   Intel GenuineIntel
[    0.000000]   AMD AuthenticAMD
[    0.000000]   Centaur CentaurHauls
[    0.000000] x86/fpu: xstate_offset[2]:  576, xstate_sizes[2]:  256
[    0.000000] x86/fpu: Supporting XSAVE feature 0x01: 'x87 floating point registers'
[    0.000000] x86/fpu: Supporting XSAVE feature 0x02: 'SSE registers'
[    0.000000] x86/fpu: Supporting XSAVE feature 0x04: 'AVX registers'
[    0.000000] x86/fpu: Enabled xstate features 0x7, context size is 832 bytes, using 'standard' format.
[    0.000000] e820: BIOS-provided physical RAM map:
[    0.000000] BIOS-e820: [mem 0x0000000000000000-0x000000000009fbff] usable
[    0.000000] BIOS-e820: [mem 0x000000000009fc00-0x000000000009ffff] reserved
[    0.000000] BIOS-e820: [mem 0x00000000000f0000-0x00000000000fffff] reserved
[    0.000000] BIOS-e820: [mem 0x0000000000100000-0x000000003ffeffff] usable
[    0.000000] BIOS-e820: [mem 0x000000003fff0000-0x000000003fffffff] ACPI data
[    0.000000] BIOS-e820: [mem 0x00000000fec00000-0x00000000fec00fff] reserved
[    0.000000] BIOS-e820: [mem 0x00000000fee00000-0x00000000fee00fff] reserved
[    0.000000] BIOS-e820: [mem 0x00000000fffc0000-0x00000000ffffffff] reserved
[    0.000000] NX (Execute Disable) protection: active
[    0.000000] SMBIOS 2.5 present.
[    0.000000] Hypervisor detected: KVM
[    0.000000] e820: last_pfn = 0x3fff0 max_arch_pfn = 0x400000000
[    0.000000] MTRR: Disabled
[    0.000000] x86/PAT: MTRRs disabled, skipping PAT initialization too.
[    0.000000] CPU MTRRs all blank - virtualized system.
[    0.000000] x86/PAT: Configuration [0-7]: WB  WT  UC- UC  WB  WT  UC- UC  
[    0.000000] found SMP MP-table at [mem 0x0009fff0-0x0009ffff] mapped at [ffff88000009fff0]
[    0.000000] Scanning 1 areas for low memory corruption
[    0.000000] RAMDISK: [mem 0x362dc000-0x37165fff]
[    0.000000] ACPI: Early table checksum verification disabled
[    0.000000] ACPI: RSDP 0x00000000000E0000 000024 (v02 VBOX  )
[    0.000000] ACPI: XSDT 0x000000003FFF0030 00003C (v01 VBOX   VBOXXSDT 00000001 ASL  00000061)
[    0.000000] ACPI: FACP 0x000000003FFF00F0 0000F4 (v04 VBOX   VBOXFACP 00000001 ASL  00000061)
[    0.000000] ACPI: DSDT 0x000000003FFF0470 002325 (v02 VBOX   VBOXBIOS 00000002 INTL 20190509)
[    0.000000] ACPI: FACS 0x000000003FFF0200 000040
[    0.000000] ACPI: FACS 0x000000003FFF0200 000040
[    0.000000] ACPI: APIC 0x000000003FFF0240 00005C (v02 VBOX   VBOXAPIC 00000001 ASL  00000061)
[    0.000000] ACPI: SSDT 0x000000003FFF02A0 0001CC (v01 VBOX   VBOXCPUT 00000002 INTL 20190509)
[    0.000000] No NUMA configuration found
[    0.000000] Faking a node at [mem 0x0000000000000000-0x000000003ffeffff]
[    0.000000] NODE_DATA(0) allocated [mem 0x3ffeb000-0x3ffeffff]
[    0.000000] kvm-clock: Using msrs 4b564d01 and 4b564d00
[    0.000000] kvm-clock: cpu 0, msr 0:3ffe3001, primary cpu clock
[    0.000000] kvm-clock: using sched offset of 3141410650 cycles
[    0.000000] clocksource: kvm-clock: mask: 0xffffffffffffffff max_cycles: 0x1cd42e4dffb, max_idle_ns: 881590591483 ns
[    0.000000] Zone ranges:
[    0.000000]   DMA      [mem 0x0000000000001000-0x0000000000ffffff]
[    0.000000]   DMA32    [mem 0x0000000001000000-0x000000003ffeffff]
[    0.000000]   Normal   empty
[    0.000000]   Device   empty
[    0.000000] Movable zone start for each node
[    0.000000] Early memory node ranges
[    0.000000]   node   0: [mem 0x0000000000001000-0x000000000009efff]
[    0.000000]   node   0: [mem 0x0000000000100000-0x000000003ffeffff]
[    0.000000] Initmem setup node 0 [mem 0x0000000000001000-0x000000003ffeffff]
[    0.000000] ACPI: PM-Timer IO Port: 0x4008
[    0.000000] IOAPIC[0]: apic_id 2, version 32, address 0xfec00000, GSI 0-23
[    0.000000] ACPI: INT_SRC_OVR (bus 0 bus_irq 0 global_irq 2 dfl dfl)
[    0.000000] ACPI: INT_SRC_OVR (bus 0 bus_irq 9 global_irq 9 low level)
[    0.000000] Using ACPI (MADT) for SMP configuration information
[    0.000000] smpboot: Allowing 2 CPUs, 0 hotplug CPUs
[    0.000000] PM: Registered nosave memory: [mem 0x00000000-0x00000fff]
[    0.000000] PM: Registered nosave memory: [mem 0x0009f000-0x0009ffff]
[    0.000000] PM: Registered nosave memory: [mem 0x000a0000-0x000effff]
[    0.000000] PM: Registered nosave memory: [mem 0x000f0000-0x000fffff]
[    0.000000] e820: [mem 0x40000000-0xfebfffff] available for PCI devices
[    0.000000] Booting paravirtualized kernel on KVM
[    0.000000] clocksource: refined-jiffies: mask: 0xffffffff max_cycles: 0xffffffff, max_idle_ns: 7645519600211568 ns
[    0.000000] setup_percpu: NR_CPUS:512 nr_cpumask_bits:512 nr_cpu_ids:2 nr_node_ids:1
[    0.000000] PERCPU: Embedded 33 pages/cpu @ffff88003fc00000 s95192 r8192 d31784 u1048576
[    0.000000] Built 1 zonelists in Node order, mobility grouping on.  Total pages: 257912
[    0.000000] Policy zone: DMA32
[    0.000000] Kernel command line: BOOT_IMAGE=/boot/vmlinuz-4.4.0-210-generic root=LABEL=cloudimg-rootfs ro console=tty1 console=ttyS0
[    0.000000] PID hash table entries: 4096 (order: 3, 32768 bytes)
[    0.000000] Memory: 997792K/1048120K available (8644K kernel code, 1332K rwdata, 4044K rodata, 1492K init, 1164K bss, 50328K reserved, 0K cma-reserved)
[    0.000000] SLUB: HWalign=64, Order=0-3, MinObjects=0, CPUs=2, Nodes=1
[    0.000000] Kernel/User page tables isolation: enabled
[    0.000000] Hierarchical RCU implementation.
[    0.000000] 	Build-time adjustment of leaf fanout to 64.
[    0.000000] 	RCU restricting CPUs from NR_CPUS=512 to nr_cpu_ids=2.
[    0.000000] RCU: Adjusting geometry for rcu_fanout_leaf=64, nr_cpu_ids=2
[    0.000000] NR_IRQS:33024 nr_irqs:440 16
[    0.000000] Console: colour VGA+ 80x25
[    0.000000] console [tty1] enabled
[    0.000000] console [ttyS0] enabled
[    0.000000] tsc: Detected 2303.998 MHz processor
[    0.122339] Calibrating delay loop (skipped) preset value.. 4607.99 BogoMIPS (lpj=9215992)
[    0.123993] pid_max: default: 32768 minimum: 301
[    0.124763] ACPI: Core revision 20150930
[    0.126230] ACPI: 2 ACPI AML tables successfully acquired and loaded
[    0.127252] Security Framework initialized
[    0.127886] Yama: becoming mindful.
[    0.128461] AppArmor: AppArmor initialized
[    0.129146] Dentry cache hash table entries: 131072 (order: 8, 1048576 bytes)
[    0.131217] Inode-cache hash table entries: 65536 (order: 7, 524288 bytes)
[    0.132412] Mount-cache hash table entries: 2048 (order: 2, 16384 bytes)
[    0.133470] Mountpoint-cache hash table entries: 2048 (order: 2, 16384 bytes)
[    0.134901] Initializing cgroup subsys io
[    0.135648] Initializing cgroup subsys memory
[    0.136461] Initializing cgroup subsys devices
[    0.137285] Initializing cgroup subsys freezer
[    0.138114] Initializing cgroup subsys net_cls
[    0.138939] Initializing cgroup subsys perf_event
[    0.139791] Initializing cgroup subsys net_prio
[    0.140585] Initializing cgroup subsys hugetlb
[    0.141413] Initializing cgroup subsys pids
[    0.143385] mce: CPU supports 0 MCE banks
[    0.144175] Last level iTLB entries: 4KB 64, 2MB 8, 4MB 8
[    0.145072] Last level dTLB entries: 4KB 64, 2MB 0, 4MB 0, 1GB 4
[    0.146009] Spectre V1 : Mitigation: usercopy/swapgs barriers and __user pointer sanitization
[    0.147394] Spectre V2 : Mitigation: Full generic retpoline
[    0.148346] Spectre V2 : Spectre v2 / SpectreRSB mitigation: Filling RSB on context switch
[    0.150139] Speculative Store Bypass: Vulnerable
[    0.151102] SRBDS: Unknown: Dependent on hypervisor status
[    0.152290] MDS: Mitigation: Clear CPU buffers
[    0.156510] Freeing SMP alternatives memory: 36K
[    0.164552] ftrace: allocating 32380 entries in 127 pages
[    0.240293] smpboot: APIC(0) Converting physical 0 to logical package 0
[    0.241508] smpboot: Max logical packages: 1
[    0.242646] x2apic enabled
[    0.243921] Switched APIC routing to physical x2apic.
[    0.246122] ..TIMER: vector=0x30 apic1=0 pin1=2 apic2=-1 pin2=-1
[    0.355335] smpboot: CPU0: Intel(R) Core(TM) i7-10510U CPU @ 1.80GHz (family: 0x6, model: 0x8e, stepping: 0xc)
[    0.357115] Performance Events: unsupported p6 CPU model 142 no PMU driver, software events only.
[    0.367811] KVM setup paravirtual spinlock
[    0.369071] x86: Booting SMP configuration:
[    0.370045] .... node  #0, CPUs:      #1
[    0.371051] kvm-clock: cpu 1, msr 0:3ffe3041, secondary cpu clock
[    0.373284] mce: CPU supports 0 MCE banks
[    0.375747] x86: Booted up 1 node, 2 CPUs
[    0.376609] smpboot: Total of 2 processors activated (9215.99 BogoMIPS)
[    0.377940] devtmpfs: initialized
[    0.380364] evm: security.selinux
[    0.380994] evm: security.SMACK64
[    0.381672] evm: security.SMACK64EXEC
[    0.382341] evm: security.SMACK64TRANSMUTE
[    0.383133] evm: security.SMACK64MMAP
[    0.383851] evm: security.ima
[    0.384438] evm: security.capability
[    0.385208] clocksource: jiffies: mask: 0xffffffff max_cycles: 0xffffffff, max_idle_ns: 7645041785100000 ns
[    0.387063] futex hash table entries: 512 (order: 3, 32768 bytes)
[    0.388426] pinctrl core: initialized pinctrl subsystem
[    0.389687] RTC time: 16:50:43, date: 02/15/22
[    0.390886] NET: Registered protocol family 16
[    0.403420] cpuidle: using governor ladder
[    0.415620] cpuidle: using governor menu
[    0.416460] PCCT header not found.
[    0.417260] ACPI: bus type PCI registered
[    0.418093] acpiphp: ACPI Hot Plug PCI Controller Driver version: 0.5
[    0.419393] PCI: Using configuration type 1 for base access
[    0.431880] ACPI: Added _OSI(Module Device)
[    0.432739] ACPI: Added _OSI(Processor Device)
[    0.433635] ACPI: Added _OSI(3.0 _SCP Extensions)
[    0.434498] ACPI: Added _OSI(Processor Aggregator Device)
[    0.436035] ACPI: Executed 1 blocks of module-level executable AML code
[    0.438615] ACPI: Interpreter enabled
[    0.439398] ACPI: (supports S0 S5)
[    0.440001] ACPI: Using IOAPIC for interrupt routing
[    0.440857] PCI: Using host bridge windows from ACPI; if necessary, use "pci=nocrs" and report a bug
[    0.445207] ACPI: PCI Root Bridge [PCI0] (domain 0000 [bus 00-ff])
[    0.446054] acpi PNP0A03:00: _OSC: OS supports [ASPM ClockPM Segments MSI]
[    0.447884] acpi PNP0A03:00: _OSC: not requesting OS control; OS requires [ExtendedConfig ASPM ClockPM MSI]
[    0.449835] acpi PNP0A03:00: fail to add MMCONFIG information, can't access extended PCI configuration space under this bridge.
[    0.452217] PCI host bridge to bus 0000:00
[    0.453003] pci_bus 0000:00: root bus resource [io  0x0000-0x0cf7 window]
[    0.454149] pci_bus 0000:00: root bus resource [io  0x0d00-0xffff window]
[    0.455401] pci_bus 0000:00: root bus resource [mem 0x000a0000-0x000bffff window]
[    0.456958] pci_bus 0000:00: root bus resource [mem 0x40000000-0xfdffffff window]
[    0.458515] pci_bus 0000:00: root bus resource [bus 00-ff]
[    0.461187] pci 0000:00:01.1: legacy IDE quirk: reg 0x10: [io  0x01f0-0x01f7]
[    0.462370] pci 0000:00:01.1: legacy IDE quirk: reg 0x14: [io  0x03f6]
[    0.463612] pci 0000:00:01.1: legacy IDE quirk: reg 0x18: [io  0x0170-0x0177]
[    0.474293] pci 0000:00:01.1: legacy IDE quirk: reg 0x1c: [io  0x0376]
[    0.487188] pci 0000:00:07.0: quirk: [io  0x4000-0x403f] claimed by PIIX4 ACPI
[    0.488762] pci 0000:00:07.0: quirk: [io  0x4100-0x410f] claimed by PIIX4 SMB
[    0.497265] ACPI: PCI Interrupt Link [LNKA] (IRQs 5 9 10 *11)
[    0.498868] ACPI: PCI Interrupt Link [LNKB] (IRQs 5 9 *10 11)
[    0.500165] ACPI: PCI Interrupt Link [LNKC] (IRQs 5 *9 10 11)
[    0.501355] ACPI: PCI Interrupt Link [LNKD] (IRQs 5 9 10 *11)
[    0.502578] ACPI: Enabled 2 GPEs in block 00 to 07
[    0.503847] vgaarb: setting as boot device: PCI:0000:00:02.0
[    0.504653] vgaarb: device added: PCI:0000:00:02.0,decodes=io+mem,owns=io+mem,locks=none
[    0.505943] vgaarb: loaded
[    0.506429] vgaarb: bridge control possible 0000:00:02.0
[    0.507617] SCSI subsystem initialized
[    0.508448] ACPI: bus type USB registered
[    0.509242] usbcore: registered new interface driver usbfs
[    0.510073] usbcore: registered new interface driver hub
[    0.510922] usbcore: registered new device driver usb
[    0.512574] PCI: Using ACPI for IRQ routing
[    0.513457] NetLabel: Initializing
[    0.514022] NetLabel:  domain hash size = 128
[    0.514681] NetLabel:  protocols = UNLABELED CIPSOv4
[    0.515615] NetLabel:  unlabeled traffic allowed by default
[    0.516657] amd_nb: Cannot enumerate AMD northbridges
[    0.517518] clocksource: Switched to clocksource kvm-clock
[    0.523458] AppArmor: AppArmor Filesystem Enabled
[    0.524257] pnp: PnP ACPI init
[    0.525387] pnp: PnP ACPI: found 3 devices
[    0.534573] clocksource: acpi_pm: mask: 0xffffff max_cycles: 0xffffff, max_idle_ns: 2085701024 ns
[    0.536354] NET: Registered protocol family 2
[    0.537432] TCP established hash table entries: 8192 (order: 4, 65536 bytes)
[    0.538703] TCP bind hash table entries: 8192 (order: 5, 131072 bytes)
[    0.540950] TCP: Hash tables configured (established 8192 bind 8192)
[    0.542876] UDP hash table entries: 512 (order: 2, 16384 bytes)
[    0.544003] UDP-Lite hash table entries: 512 (order: 2, 16384 bytes)
[    0.545080] NET: Registered protocol family 1
[    0.545922] pci 0000:00:00.0: Limiting direct PCI/PCI transfers
[    0.547029] pci 0000:00:01.0: Activating ISA DMA hang workarounds
[    0.548153] Unpacking initramfs...
[    0.733675] Freeing initrd memory: 14888K
[    0.734869] clocksource: tsc: mask: 0xffffffffffffffff max_cycles: 0x2135f5e6f15, max_idle_ns: 440795231538 ns
[    0.736711] platform rtc_cmos: registered platform RTC device (no PNP device found)
[    0.738340] Scanning for low memory corruption every 60 seconds
[    0.739982] audit: initializing netlink subsys (disabled)
[    0.741037] audit: type=2000 audit(1644943848.087:1): initialized
[    0.742962] Initialise system trusted keyring
[    0.744339] HugeTLB registered 2 MB page size, pre-allocated 0 pages
[    0.747452] zbud: loaded
[    0.749840] VFS: Disk quotas dquot_6.6.0
[    0.751300] VFS: Dquot-cache hash table entries: 512 (order 0, 4096 bytes)
[    0.753120] squashfs: version 4.0 (2009/01/31) Phillip Lougher
[    0.755046] fuse init (API version 7.23)
[    0.756189] Key type big_key registered
[    0.757146] Allocating IMA MOK and blacklist keyrings.
[    0.759015] Key type asymmetric registered
[    0.760003] Asymmetric key parser 'x509' registered
[    0.761093] Block layer SCSI generic (bsg) driver version 0.4 loaded (major 249)
[    0.762804] io scheduler noop registered
[    0.763576] io scheduler deadline registered (default)
[    0.764548] io scheduler cfq registered
[    0.765395] pci_hotplug: PCI Hot Plug PCI Core version: 0.5
[    0.766445] pciehp: PCI Express Hot Plug Controller Driver version: 0.4
[    0.767773] ACPI: AC Adapter [AC] (on-line)
[    0.768665] input: Power Button as /devices/LNXSYSTM:00/LNXPWRBN:00/input/input0
[    0.770247] ACPI: Power Button [PWRF]
[    0.771089] input: Sleep Button as /devices/LNXSYSTM:00/LNXSLPBN:00/input/input1
[    0.772711] ACPI: Sleep Button [SLPF]
[    0.773698] GHES: HEST is not enabled!
[    0.775155] ACPI: Battery Slot [BAT0] (battery present)
[    0.776277] Serial: 8250/16550 driver, 32 ports, IRQ sharing enabled
[    0.798103] 00:02: ttyS0 at I/O 0x3f8 (irq = 4, base_baud = 115200) is a 16550A
[    0.800075] Linux agpgart interface v0.103
[    0.802188] loop: module loaded
[    0.803376] scsi host0: ata_piix
[    0.804168] scsi host1: ata_piix
[    0.804717] ata1: PATA max UDMA/33 cmd 0x1f0 ctl 0x3f6 bmdma 0xd000 irq 14
[    0.805629] ata2: PATA max UDMA/33 cmd 0x170 ctl 0x376 bmdma 0xd008 irq 15
[    0.806664] libphy: Fixed MDIO Bus: probed
[    0.807379] tun: Universal TUN/TAP device driver, 1.6
[    0.808155] tun: (C) 1999-2004 Max Krasnyansky <maxk@qualcomm.com>
[    0.809119] PPP generic driver version 2.4.2
[    0.810051] ehci_hcd: USB 2.0 'Enhanced' Host Controller (EHCI) Driver
[    0.811135] ehci-pci: EHCI PCI platform driver
[    0.811776] ehci-platform: EHCI generic platform driver
[    0.812489] ohci_hcd: USB 1.1 'Open' Host Controller (OHCI) Driver
[    0.813290] ohci-pci: OHCI PCI platform driver
[    0.813987] ohci-platform: OHCI generic platform driver
[    0.814703] uhci_hcd: USB Universal Host Controller Interface driver
[    0.815709] i8042: PNP: PS/2 Controller [PNP0303:PS2K,PNP0f03:PS2M] at 0x60,0x64 irq 1,12
[    0.817831] serio: i8042 KBD port at 0x60,0x64 irq 1
[    0.818650] serio: i8042 AUX port at 0x60,0x64 irq 12
[    0.820205] mousedev: PS/2 mouse device common for all mice
[    0.822177] input: AT Translated Set 2 keyboard as /devices/platform/i8042/serio0/input/input2
[    0.824073] rtc_cmos rtc_cmos: rtc core: registered rtc_cmos as rtc0
[    0.825234] rtc_cmos rtc_cmos: alarms up to one day, 114 bytes nvram
[    0.826633] i2c /dev entries driver
[    0.827547] device-mapper: uevent: version 1.0.3
[    0.828564] device-mapper: ioctl: 4.34.0-ioctl (2015-10-28) initialised: dm-devel@redhat.com
[    0.830303] ledtrig-cpu: registered to indicate activity on CPUs
[    0.831753] NET: Registered protocol family 10
[    0.832748] NET: Registered protocol family 17
[    0.833603] Key type dns_resolver registered
[    0.834766] registered taskstats version 1
[    0.835655] Loading compiled-in X.509 certificates
[    0.837154] Loaded X.509 cert 'Build time autogenerated kernel key: cf00e047681d67edb2720680708b7d9498083038'
[    0.839155] zswap: loaded using pool lzo/zbud
[    0.841923] Key type trusted registered
[    0.845960] Key type encrypted registered
[    0.846875] AppArmor: AppArmor sha1 policy hashing enabled
[    0.847921] ima: No TPM chip found, activating TPM-bypass!
[    0.849043] ima: Allocated hash algorithm: sha1
[    0.850003] evm: HMAC attrs: 0x1
[    0.851116]   Magic number: 10:586:843
[    0.852081] rtc_cmos rtc_cmos: setting system clock to 2022-02-15 16:50:44 UTC (1644943844)
[    0.853903] BIOS EDD facility v0.16 2004-Jun-25, 0 devices found
[    0.855008] EDD information not available.
[    0.993704] Freeing unused kernel memory: 1492K
[    0.996205] Write protecting the kernel read-only data: 14336k
[    0.999445] Freeing unused kernel memory: 1584K
[    1.000380] Freeing unused kernel memory: 52K
Loading, please wait...
starting version 229
[    1.011483] random: systemd-udevd: uninitialized urandom read (16 bytes read, 3 bits of entropy available)
[    1.013213] random: systemd-udevd: uninitialized urandom read (16 bytes read, 3 bits of entropy available)
[    1.014834] random: systemd-udevd: uninitialized urandom read (16 bytes read, 3 bits of entropy available)
[    1.016390] random: systemd-udevd: uninitialized urandom read (16 bytes read, 3 bits of entropy available)
[    1.018403] random: udevadm: uninitialized urandom read (16 bytes read, 3 bits of entropy available)
[    1.019974] random: udevadm: uninitialized urandom read (16 bytes read, 3 bits of entropy available)
[    1.025997] random: systemd-udevd: uninitialized urandom read (16 bytes read, 3 bits of entropy available)
[    1.027960] random: systemd-udevd: uninitialized urandom read (16 bytes read, 3 bits of entropy available)
[    1.028604] random: udevadm: uninitialized urandom read (16 bytes read, 3 bits of entropy available)
[    1.028642] random: udevadm: uninitialized urandom read (16 bytes read, 3 bits of entropy available)
[    1.061009] e1000: Intel(R) PRO/1000 Network Driver - version 7.3.21-k8-NAPI
[    1.062318] e1000: Copyright (c) 1999-2006 Intel Corporation.
[    1.065343] Fusion MPT base driver 3.04.20
[    1.066142] Copyright (c) 1999-2008 LSI Corporation
[    1.089275] AVX2 version of gcm_enc/dec engaged.
[    1.090298] AES CTR mode by8 optimization enabled
[    1.094246] Fusion MPT SPI Host driver 3.04.20
[    1.285065] input: ImExPS/2 Generic Explorer Mouse as /devices/platform/i8042/serio1/input/input4
[    1.699617] e1000 0000:00:03.0 eth0: (PCI:33MHz:32-bit) 02:be:82:6b:cc:1d
[    1.702693] e1000 0000:00:03.0 eth0: Intel(R) PRO/1000 Network Connection
[    1.704610] mptbase: ioc0: Initiating bringup
[    1.886458] ioc0: LSI53C1030 A0: Capabilities={Initiator}
[    5.093510] scsi host2: ioc0: LSI53C1030 A0, FwRev=00000000h, Ports=1, MaxQ=256, IRQ=20
[    6.181862] scsi 2:0:0:0: Direct-Access     VBOX     HARDDISK         1.0  PQ: 0 ANSI: 5
[    6.189754] scsi target2:0:0: Beginning Domain Validation
[    6.198019] scsi target2:0:0: Domain Validation skipping write tests
[    6.202042] scsi target2:0:0: Ending Domain Validation
[    6.205626] scsi target2:0:0: asynchronous
[    6.210119] scsi 2:0:1:0: Direct-Access     VBOX     HARDDISK         1.0  PQ: 0 ANSI: 5
[    6.215929] scsi target2:0:1: Beginning Domain Validation
[    6.220534] scsi target2:0:1: Domain Validation skipping write tests
[    6.223096] scsi target2:0:1: Ending Domain Validation
[    6.225129] scsi target2:0:1: asynchronous
[    6.254141] sd 2:0:0:0: Attached scsi generic sg0 type 0
[    6.255660] sd 2:0:1:0: Attached scsi generic sg1 type 0
[    6.257010] sd 2:0:1:0: [sdb] 20480 512-byte logical blocks: (10.5 MB/10.0 MiB)
[    6.258689] sd 2:0:0:0: [sda] 83886080 512-byte logical blocks: (42.9 GB/40.0 GiB)
[    6.260450] sd 2:0:1:0: [sdb] Write Protect is off
[    6.261515] sd 2:0:0:0: [sda] Write Protect is off
[    6.262557] sd 2:0:1:0: [sdb] Incomplete mode parameter data
[    6.263653] sd 2:0:1:0: [sdb] Assuming drive cache: write through
[    6.264933] sd 2:0:0:0: [sda] Incomplete mode parameter data
[    6.266213] sd 2:0:0:0: [sda] Assuming drive cache: write through
[    6.269197]  sda: sda1
[    6.270922] sd 2:0:1:0: [sdb] Attached SCSI disk
[    6.272027] sd 2:0:0:0: [sda] Attached SCSI disk
[    6.689570] e1000 0000:00:08.0 eth1: (PCI:33MHz:32-bit) 08:00:27:af:34:8f
[    6.690856] e1000 0000:00:08.0 eth1: Intel(R) PRO/1000 Network Connection
[    6.692699] e1000 0000:00:03.0 enp0s3: renamed from eth0
[    6.709829] e1000 0000:00:08.0 enp0s8: renamed from eth1
Begin: Loading essential drivers ... [    7.991861] md: linear personality registered for level -1
[    7.995352] md: multipath personality registered for level -4
[    7.998408] md: raid0 personality registered for level 0
[    8.002484] md: raid1 personality registered for level 1
[    8.073566] raid6: sse2x1   gen() 12325 MB/s
[    8.141538] raid6: sse2x1   xor()  7848 MB/s
[    8.209566] raid6: sse2x2   gen() 15894 MB/s
[    8.277571] raid6: sse2x2   xor()  9282 MB/s
[    8.345567] raid6: sse2x4   gen() 18866 MB/s
[    8.413571] raid6: sse2x4   xor() 10887 MB/s
[    8.481559] raid6: avx2x1   gen() 22192 MB/s
[    8.549569] raid6: avx2x2   gen() 31212 MB/s
[    8.617566] raid6: avx2x4   gen() 34484 MB/s
[    8.618403] raid6: using algorithm avx2x4 gen() 34484 MB/s
[    8.619344] raid6: using avx2x2 recovery algorithm
[    8.621372] xor: automatically using best checksumming function:
[    8.718832]    avx       : 77350.000 MB/sec
[    8.720837] async_tx: api initialized (async)
[    8.729258] md: raid6 personality registered for level 6
[    8.730511] md: raid5 personality registered for level 5
[    8.731691] md: raid4 personality registered for level 4
[    8.737940] md: raid10 personality registered for level 10
done.
Begin: Running /scripts/init-premount ... done.
Begin: Mounting root file system ... Begin: Running /scripts/local-top ... done.
Begin: Running /scripts/local-premount ... [    8.775001] Btrfs loaded
Scanning for Btrfs filesystems
done.
Warning: fsck not present, so skipping root file system
[    8.803168] EXT4-fs (sda1): mounted filesystem with ordered data mode. Opts: (null)
done.
Begin: Running /scripts/local-bottom ... done.
Begin: Running /scripts/init-bottom ... done.
[    8.880815] systemd[1]: systemd 229 running in system mode. (+PAM +AUDIT +SELINUX +IMA +APPARMOR +SMACK +SYSVINIT +UTMP +LIBCRYPTSETUP +GCRYPT +GNUTLS +ACL +XZ -LZ4 +SECCOMP +BLKID +ELFUTILS +KMOD -IDN)
[    8.884444] systemd[1]: Detected virtualization oracle.
[    8.885524] systemd[1]: Detected architecture x86-64.

Welcome to [1mUbuntu 16.04.7 LTS[0m!

[    8.888798] systemd[1]: Set hostname to <ubuntu>.
[    8.891231] systemd[1]: Initializing machine ID from random generator.
[    8.894036] systemd[1]: Installed transient /etc/machine-id file.
[    8.996820] systemd[1]: Listening on Journal Socket.
[[0;32m  OK  [0m] Listening on Journal Socket.
[    8.999697] systemd[1]: Created slice System Slice.
[[0;32m  OK  [0m] Created slice System Slice.
[    9.017801] systemd[1]: Mounting POSIX Message Queue File System...
         Mounting POSIX Message Queue File System...
[    9.020828] systemd[1]: Set up automount Arbitrary Executable File Formats File System Automount Point.
[[0;32m  OK  [0m] Set up automount Arbitrary Executab...ats File System Automount Point.
[    9.024442] systemd[1]: Reached target Encrypted Volumes.
[[0;32m  OK  [0m] Reached target Encrypted Volumes.
[    9.026823] systemd[1]: Listening on LVM2 poll daemon socket.
[[0;32m  OK  [0m] Listening on LVM2 poll daemon socket.
[    9.029212] systemd[1]: Listening on Device-mapper event daemon FIFOs.
[[0;32m  OK  [0m] Listening on Device-mapper event daemon FIFOs.
[    9.032404] systemd[1]: Starting Set console keymap...
         Starting Set console keymap...
[    9.035051] systemd[1]: Mounting Huge Pages File System...
         Mounting Huge Pages File System...
[    9.037049] systemd[1]: Listening on fsck to fsckd communication Socket.
[[0;32m  OK  [0m] Listening on fsck to fsckd communication Socket.
[    9.040036] systemd[1]: Mounting Debug File System...
         Mounting Debug File System...
[    9.042112] systemd[1]: Created slice User and Session Slice.
[[0;32m  OK  [0m] Created slice User and Session Slice.
[    9.044381] systemd[1]: Reached target Slices.
[[0;32m  OK  [0m] Reached target Slices.
[    9.045926] systemd[1]: Listening on Journal Socket (/dev/log).
[[0;32m  OK  [0m] Listening on Journal Socket (/dev/log).
[    9.048147] systemd[1]: Created slice system-serial\x2dgetty.slice.
[[0;32m  OK  [0m] Created slice system-serial\x2dgetty.slice.
[    9.050151] systemd[1]: Listening on /dev/initctl Compatibility Named Pipe.
[[0;32m  OK  [0m] Listening on /dev/initctl Compatibility Named Pipe.
[    9.052234] systemd[1]: Started Trigger resolvconf update for networkd DNS.
[[0;32m  OK  [0m] Started Trigger resolvconf update for networkd DNS.
[    9.054327] systemd[1]: Reached target User and Group Name Lookups.
[[0;32m  OK  [0m] Reached target User and Group Name Lookups.
[    9.056229] systemd[1]: Reached target System Time Synchronized.
[[0;32m  OK  [0m] Reached target System Time Synchronized.
[    9.058291] systemd[1]: Listening on udev Kernel Socket.
[[0;32m  OK  [0m] Listening on udev Kernel Socket.
[    9.061837] systemd[1]: Starting Load Kernel Modules...
         Starting Load Kernel Modules...
[    9.064415] systemd[1]: Starting Uncomplicated firewall...
         Starting Uncomplicated firewall...
[    9.069563] systemd[1]: Starting Create list of required static device nodes for the current kernel...
         Starting Create list of required st... nodes for the current kernel...
[    9.073347] Loading iSCSI transport class v2.0-870.
[    9.075106] systemd[1]: Starting Nameserver information manager...
         Starting Nameserver information manager...
[    9.078954] systemd[1]: Started Forward Password Requests to Wall Directory Watch.
[[0;32m  OK  [0m] Started Forward Password Requests to Wall Directory Watch.
[    9.082169] systemd[1]: Listening on LVM2 metadata daemon socket.
[[0;32m  OK  [0m] Listening on LVM2 metadata daemon socket.
[    9.085390] systemd[1]: Starting Monitoring of LVM2 mirrors, snapshots etc. using dmeventd or progress polling...
[    9.087703] iscsi: registered transport (tcp)
         Starting Monitoring of LVM2 mirrors... dmeventd or progress polling...
[    9.090097] systemd[1]: Listening on Journal Audit Socket.
[[0;32m  OK  [0m] Listening on Journal Audit Socket.
[    9.092887] systemd[1]: Listening on Syslog Socket.
[[0;32m  OK  [0m] Listening on Syslog Socket.
[    9.096273] systemd[1]: Starting Journal Service...
         Starting Journal Service...
[    9.099461] systemd[1]: Starting File System Check on Root Device...
         Starting File System Check on Root Device...
[    9.104664] systemd[1]: Reached target Swap.
[[0;32m  OK  [0m] Reached target Swap.
[    9.106371] systemd[1]: Listening on udev Control Socket.
[[0;32m  OK  [0m] Listening on udev Control Socket.
[    9.110317] systemd[1]: Mounted Huge Pages File System.
[[0;32m  OK  [[    9.111916] systemd[1]: Mounted POSIX Message Queue File System.
0m] Mounted Huge Pages File System.
[[0;32m  OK  [[    9.113331] systemd[1]: Mounted Debug File System.
0m] Mounted POSIX Message Queue File System.
[[0;32m  OK  [0m] Mounted Debug File System.
[    9.115166] systemd[1]: Started Set console keymap.
[[0;32m  OK  [0m] Started Set console keymap.
[    9.119185] systemd[1]: Started Uncomplicated firewall.
[[0;32m  OK  [0m] Started Uncomplicated firewall.
[    9.123745] systemd[1]: Started Create list of required static device nodes for the current kernel.
[[0;32m  OK  [0m] Started Create list of required sta...ce nodes for the current kernel.
[    9.130426] systemd[1]: Started LVM2 metadata daemon.
[[0;32m  OK  [0m] Started LVM2 metadata daemon.
[    9.133976] systemd[1]: Started File System Check Daemon to report status.
[[0;32m  OK  [0m] Started File System Check Daemon to report status.
[    9.137821] systemd[1]: Starting Create Static Device Nodes in /dev...
         Starting Create Static Device Nodes in /dev...
[    9.143323] systemd[1]: Started Nameserver information manager.
[[0;32m  OK  [0m] Started Nameserver information manager.
[    9.148041] systemd[1]: Started File System Check on Root Device.
[    9.148231] iscsi: registered transport (iser)
[[0;32m  OK  [0m] Started File System Check on Root Device.
[    9.152603] systemd[1]: Starting Remount Root and Kernel File Systems...
         Starting Remount Root and Kernel File Systems...
[    9.156904] systemd[1]: Started Load Kernel Modules.
[[0;32m  OK  [0m] Started Load Kernel Modules.
[    9.160623] EXT4-fs (sda1): re-mounted. Opts: (null)
[    9.169913] systemd[1]: Starting Apply Kernel Variables...
         Starting Apply Kernel Variables...
[    9.173002] systemd[1]: Mounting FUSE Control File System...
         Mounting FUSE Control File System...
[    9.177350] systemd[1]: Mounted FUSE Control File System.
[[0;32m  OK  [0m] Mounted FUSE Control File System.
[[0;32m  OK  [0m] Started Journal Service.
[[0;32m  OK  [0m] Started Create Static Device Nodes in /dev.
[[0;32m  OK  [0m] Started Remount Root and Kernel File Systems.
[[0;32m  OK  [0m] Started Apply Kernel Variables.
         Starting Load/Save Random Seed...
         Starting udev Coldplug all Devices...
         Starting udev Kernel Device Manager...
         Starting Flush Journal to Persistent Storage...
[[0;32m  OK  [0m] Started Load/Save Random Seed.
[[0;32m  OK  [0m] Started Flush Journal to Persistent Storage.
[[0;32m  OK  [0m] Started udev Kernel Device Manager.
[[0;32m  OK  [0m] Started udev Coldplug all Devices.
[[0;32m  OK  [0m] Started Dispatch Password Requests to Console Directory Watch.
[[0;32m  OK  [0m] Started Monitoring of LVM2 mirrors,...ng dmeventd or progress polling.
[[0;32m  OK  [0m] Reached target Local File Systems (Pre).
[[0;32m  OK  [0m] Reached target Local File Systems.
         Starting Set console font and keymap...
         Starting Initial cloud-init job (pre-networking)...
         Starting Tell Plymouth To Write Out Runtime Data...
         Starting LSB: AppArmor initialization...
         Starting Create Volatile Files and Directories...
         Starting Commit a transient machine-id on disk...
[[0;32m  OK  [0m] Started Create Volatile Files and Directories.
         Starting Update UTMP about System Boot/Shutdown...
[[0;32m  OK  [0m] Started Tell Plymouth To Write Out Runtime Data.
[[0;32m  OK  [0m] Started Update UTMP about System Boot/Shutdown.
[[0;32m  OK  [0m] Started Commit a transient machine-id on disk.
[[0;32m  OK  [0m] Found device /dev/ttyS0.
[[0;32m  OK  [0m] Listening on Load/Save RF Kill Switch Status /dev/rfkill Watch.
[[0;32m  OK  [0m] Started Set console font and keymap.
[   10.138207] cloud-init[484]: Cloud-init v. 21.1-19-gbad84ad4-0ubuntu1~16.04.2 running 'init-local' at Tue, 15 Feb 2022 16:50:53 +0000. Up 9.79 seconds.
[[0;32m  OK  [0m] Started LSB: AppArmor initialization.
[[0;32m  OK  [0m] Started Initial cloud-init job (pre-networking).
[[0;32m  OK  [0m] Reached target Network (Pre).
         Starting Raise network interfaces...
         Starting Load AppArmor profiles managed internally by snapd...
[[0;32m  OK  [0m] Created slice system-getty.slice.
[[0;32m  OK  [0m] Started Load AppArmor profiles managed internally by snapd.
[[0;32m  OK  [0m] Started Raise network interfaces.
[[0;32m  OK  [0m] Reached target Network.
         Starting Initial cloud-init job (metadata service crawler)...
[   11.198959] cloud-init[954]: Cloud-init v. 21.1-19-gbad84ad4-0ubuntu1~16.04.2 running 'init' at Tue, 15 Feb 2022 16:50:54 +0000. Up 10.84 seconds.
[   11.200883] cloud-init[954]: ci-info: ++++++++++++++++++++++++++++++++++++++Net device info+++++++++++++++++++++++++++++++++++++++
[   11.202543] cloud-init[954]: ci-info: +--------+-------+----------------------------+---------------+--------+-------------------+
[   11.204125] cloud-init[954]: ci-info: | Device |   Up  |          Address           |      Mask     | Scope  |     Hw-Address    |
[   11.205749] cloud-init[954]: ci-info: +--------+-------+----------------------------+---------------+--------+-------------------+
[   11.207403] cloud-init[954]: ci-info: | enp0s3 |  True |         10.0.2.15          | 255.255.255.0 | global | 02:be:82:6b:cc:1d |
[   11.209114] cloud-init[954]: ci-info: | enp0s3 |  True | fe80::be:82ff:fe6b:cc1d/64 |       .       |  link  | 02:be:82:6b:cc:1d |
[   11.210766] cloud-init[954]: ci-info: | enp0s8 | False |             .              |       .       |   .    | 08:00:27:af:34:8f |
[   11.212434] cloud-init[954]: ci-info: |   lo   |  True |         127.0.0.1          |   255.0.0.0   |  host  |         .         |
[   11.214010] cloud-init[954]: ci-info: |   lo   |  True |          ::1/128           |       .       |  host  |         .         |
[   11.215534] cloud-init[954]: ci-info: +--------+-------+----------------------------+---------------+--------+-------------------+
[   11.216978] cloud-init[954]: ci-info: +++++++++++++++++++++++++++Route IPv4 info++++++++++++++++++++++++++++
[   11.218354] cloud-init[954]: ci-info: +-------+-------------+----------+---------------+-----------+-------+
[   11.219664] cloud-init[954]: ci-info: | Route | Destination | Gateway  |    Genmask    | Interface | Flags |
[   11.221069] cloud-init[954]: ci-info: +-------+-------------+----------+---------------+-----------+-------+
[   11.222425] cloud-init[954]: ci-info: |   0   |   0.0.0.0   | 10.0.2.2 |    0.0.0.0    |   enp0s3  |   UG  |
[   11.223808] cloud-init[954]: ci-info: |   1   |   10.0.2.0  | 0.0.0.0  | 255.255.255.0 |   enp0s3  |   U   |
[   11.225216] cloud-init[954]: ci-info: +-------+-------------+----------+---------------+-----------+-------+
[   11.226564] cloud-init[954]: ci-info: +++++++++++++++++++Route IPv6 info+++++++++++++++++++
[   11.227777] cloud-init[954]: ci-info: +-------+-------------+---------+-----------+-------+
[   11.229028] cloud-init[954]: ci-info: | Route | Destination | Gateway | Interface | Flags |
[   11.230283] cloud-init[954]: ci-info: +-------+-------------+---------+-----------+-------+
[   11.231513] cloud-init[954]: ci-info: |   0   |  fe80::/64  |    ::   |   enp0s3  |   U   |
[   11.232776] cloud-init[954]: ci-info: |   3   |   ff00::/8  |    ::   |   enp0s3  |   U   |
[   11.234018] cloud-init[954]: ci-info: +-------+-------------+---------+-----------+-------+
[   11.235295] [[0;32m  OK  [0m] Started Initial cloud-init job (metadata service crawler).
[[0;32m  OK  [0m] Reached target Network is Online.
cloud-init[954]: Generating public/private rsa key pair.
[   11.238064] cloud-init[954]: Your identification has been saved in /etc/ssh/ssh_host_rsa_key.
[   11.239405] cloud-init[954]: Your public key has been saved in /etc/ssh/ssh_host_rsa_key.pub.
[   11.240759] cloud-init[954]: The key fingerprint is:
[   11.241748] cloud-init[954]: SHA256:5opjwYUiJ1rU3IUf4bqcjIdrjS/qaOPokI73wkDOxl8 root@ubuntu-xenial
[   11.243130] cloud-init[954]: The key's randomart image is:
         Starting iSCSI initiator daemon (iscsid)...
[   11.249019] [[0;32m  OK  [0m] Reached target Cloud-config availability.
[[0;32m  OK  [0m] Reached target System Initialization.
cloud-init         Starting LXD - unix socket.
         Starting Socket activation for snappy daemon.
[[0;32m  OK  [0m] Started Ubuntu Advantage update messaging.
[[0;32m  OK  [0m] Listening on D-Bus System Message Bus Socket.
[[0;32m  OK  [0m] Started Message of the Day.
[[0;32m  OK  [0m] Listening on UUID daemon activation socket.
[954]: +---[RSA 2048]----+
[   11.254612] cloud-init[954]: |   o . oo.       |
[   11.255659] cloud-init[954]: |  . o o..        |
[   11.256524] cloud-init[954]: | .   . ...       |
[   11.256710] cloud-init[954]: |o.+ . ...        |
[   11.257046] cloud-init[954]: |*= o .. S        |
[   11.257494] cloud-init[954]: |o*  oE =         |
[   11.257782] cloud-init[954]: |+o. ++* .        |
[   11.258089] cloud-init[954]: |=++.*+..         |
[   11.258377] cloud-init[954]: |B*+*++o          |
[   11.258661] cloud-init[954]: +----[SHA256]-----+
[   11.258943] cloud-init[954]: Generating public/private dsa key pair.
[   11.259231] cloud-init[954]: Your identification has been saved in /etc/ssh/ssh_host_dsa_key.
[   11.259519] cloud-init[954]: Your public key has been saved in /etc/ssh/ssh_host_dsa_key.pub.
[   11.259801] cloud-init[954]: The key fingerprint is:
[   11.260724] cloud-init[954]: SHA256:jtazqApB299l3qy3jGB4k/7/xLUYObWHovZSeFE9LVY root@ubuntu-xenial
[   11.261000] cloud-init[954]: The key's randomart image is:
[   11.261326] cloud-init[954]: +---[DSA 1024]----+
[   11.261610] cloud-init[954]: |               oE|
[   11.261896] cloud-init[954]: |              +.o|
[   11.262181] cloud-init[954]: | .           o o.|
[   11.262466] cloud-init[954]: |. o         . o..|
[   11.262756] cloud-init[954]: |.. .    So ..=.o.|
[   11.263041] cloud-init[954]: | .  . o+= +.+.= o|
[   11.263335] cloud-init[954]: |.    ooB+.o= + . |
[   11.263657] cloud-init[954]: | .   .+.o+=o.    |
[   11.264253] cloud-init[954]: |  ......o+o=+.   |
[   11.264563] cloud-init[954]: +----[SHA256]-----+
[   11.264857] cloud-init[954]: Generating public/private ecdsa key pair.
[   11.265229] cloud-init[954]: Your identification has been saved in /etc/ssh/ssh_host_ecdsa_key.
[   11.265580] cloud-init[954]: Your public key has been saved in /etc/ssh/ssh_host_ecdsa_key.pub.
[   11.265914] cloud-init[954]: The key fingerprint is:
[   11.266208] cloud-init[954]: SHA256:22Hqh0xUZmfMnOhIm8kZeliV1+z+2oV2eU1ggsbRZ3M root@ubuntu-xenial
[   11.266503] cloud-init[954]: The key's randomart image is:
[   11.266824] cloud-init[954]: +---[ECDSA 256]---+
[   11.267100] cloud-init[954]: |         .oB +   |
[   11.267380] cloud-init[954]: |        +.*oX * E|
[   11.267659] cloud-init[954]: |       * %++.+oo |
[   11.267998] cloud-init[954]: |      o X..  o.. |
[   11.268305] cloud-init[954]: |       oS o  .  .|
[   11.268594] cloud-init[954]: |        .= .  .oo|
[   11.268870] cloud-init[954]: |       oo..   oo=|
[   11.269150] cloud-init[954]: |       .o .  . o+|
[   11.269470] cloud-init[954]: |        ..    ...|
[   11.269744] cloud-init[954]: +----[SHA256]-----+
[   11.270040] cloud-init[954]: Generating public/private ed25519 key pair.
[   11.270327] cloud-init[954]: Your identification has been saved in /etc/ssh/ssh_host_ed25519_key.
[   11.270617] cloud-init[954]: Your public key has been saved in /etc/ssh/ssh_host_ed25519_key.pub.
[   11.270904] cloud-init[954]: The key fingerprint is:
[   11.271185] cloud-init[954]: SHA256:L5nfV/lNhqlHdWJfBZeOKhG2WwufOhuXBrlkbzqrR5M root@ubuntu-xenial
[   11.271476] cloud-init[954]: The key's randomart image is:
[   11.271761] cloud-init[954]: +--[ED25519 256]--+
[   11.272288] cloud-init[954]: |              ..o|
[   11.272588] cloud-init[954]: |         o     o.|
[   11.272902] cloud-init[954]: |        . o   o .|
[   11.273183] cloud-init[954]: |         +.. .o.+|
[   11.273609] cloud-init[954]: |        S=B +. *+|
[   11.274036] cloud-init[954]: |        oE+=. +.=|
[   11.274304] cloud-init[954]: |        =o=* o +o|
[   11.274573] cloud-init[954]: |         B*.. o o|
[   11.274845] cloud-init[954]: |       .o+* .o   |
[   11.275198] cloud-init[954]: +----[SHA256]-----+
[[0;32m  OK  [0m] Started ACPI Events Check.
[[0;32m  OK  [0m] Reached target Paths.
[[0;32m  OK  [0m] Started Daily apt download activities.
[[0;32m  OK  [0m] Started Daily apt upgrade and clean activities.
[[0;32m  OK  [0m] Started Daily Cleanup of Temporary Directories.
[[0;32m  OK  [0m] Reached target Timers.
[[0;32m  OK  [0m] Listening on ACPID Listen Socket.
[[0;32m  OK  [0m] Listening on LXD - unix socket.
[[0;32m  OK  [0m] Listening on Socket activation for snappy daemon.
[[0;32m  OK  [0m] Reached target Sockets.
[[0;32m  OK  [0m] Reached target Basic System.
[[0;32m  OK  [0m] Started Regular background program processing daemon.
         Starting Pollinate to seed the pseudo random number generator...
[[0;32m  OK  [0m] Started D-Bus System Message Bus.
[[0;32m  OK  [0m] Started FUSE filesystem for LXC.
         Starting System Logging Service...
         Starting LSB: MD monitoring daemon...
         Starting Accounts Service...
[[0;32m  OK  [0m] Started Deferred execution scheduler.
         Starting LSB: Record successful boot for GRUB...
[[0;32m  OK  [0m] Started ACPI event daemon.
         Starting /etc/rc.local Compatibility...
         Starting Login Service...
         Starting LXD - container startup/shutdown...
         Starting Snap Daemon...
         Starting Virtualbox guest utils...
[[0;32m  OK  [0m] Started System Logging Service.
[[0;32m  OK  [0m] Started iSCSI initiator daemon (iscsid).
[[0;32m  OK  [0m] Started /etc/rc.local Compatibility.
[[0;32m  OK  [0m] Started Login Service.
[[0;32m  OK  [0m] Started Unattended Upgrades Shutdown.
         Starting Login to default iSCSI targets...
[[0;32m  OK  [0m] Started Login to default iSCSI targets.
[[0;32m  OK  [0m] Reached target Remote File Systems (Pre).
[[0;32m  OK  [0m] Reached target Remote File Systems.
         Starting Permit User Sessions...
         Starting LSB: Set the CPU Frequency Scaling governor to "ondemand"...
         Starting LSB: automatic crash report generation...
         Starting LSB: daemon to balance interrupts for SMP systems...
[[0;32m  OK  [0m] Started LSB: Record successful boot for GRUB.
[[0;32m  OK  [0m] Started Permit User Sessions.
         Starting Hold until boot process finishes up...
         Starting Terminate Plymouth Boot Screen...
[[0;32m  OK  [0m] Started LSB: MD monitoring daemon.
[[0;32m  OK  [0m] Started Hold until boot process finishes up.
         Starting Set console scheme...
[[0;32m  OK  [0m] Started Getty on tty1.
[[0;32m  OK  [0m] Started Serial Getty on ttyS0.
[[0;32m  OK  [0m] Reached target Login Prompts.
[[0;32m  OK  [0m] Started LSB: Set the CPU Frequency Scaling governor to "ondemand".
[[0;32m  OK  [0m] Started Terminate Plymouth Boot Screen.
[[0;32m  OK  [0m] Started Set console scheme.
         Starting Authenticate and Authorize Users to Run Privileged Tasks...
[[0;32m  OK  [0m] Started LSB: automatic crash report generation.
[[0;32m  OK  [0m] Started LXD - container startup/shutdown.
[[0;32m  OK  [0m] Started LSB: daemon to balance interrupts for SMP systems.
[[0;32m  OK  [0m] Started Authenticate and Authorize Users to Run Privileged Tasks.
[[0;32m  OK  [0m] Started Accounts Service.
[[0;32m  OK  [0m] Started Virtualbox guest utils.
[[0;32m  OK  [0m] Started Snap Daemon.
         Starting Wait until snapd is fully seeded...
[[0;32m  OK  [0m] Started Pollinate to seed the pseudo random number generator.
         Starting OpenBSD Secure Shell server...
[[0;32m  OK  [0m] Started OpenBSD Secure Shell server.
[[0;32m  OK  [0m] Started Wait until snapd is fully seeded.
         Starting Apply the settings specified in cloud-config...
[[0;32m  OK  [0m] Reached target Multi-User System.
[[0;32m  OK  [0m] Reached target Graphical Interface.
         Starting Update UTMP about System Runlevel Changes...
[[0;32m  OK  [0m] Started Update UTMP about System Runlevel Changes.
[[0;32m  OK  [0m] Created slice User Slice of vagrant.
         Starting User Manager for UID 1000...
[[0;32m  OK  [0m] Started Session 1 of user vagrant.
[[0;32m  OK  [0m] Started User Manager for UID 1000.
[   12.499046] cloud-init[1296]: Generating locales (this might take a while)...
[   13.151160] cloud-init[1296]:   en_US.UTF-8... done
[   13.153071] cloud-init[1296]: Generation complete.
[   13.416988] cloud-init[1296]: Cloud-init v. 21.1-19-gbad84ad4-0ubuntu1~16.04.2 running 'modules:config' at Tue, 15 Feb 2022 16:50:56 +0000. Up 12.41 seconds.
[[0;32m  OK  [0m] Started Apply the settings specified in cloud-config.
         Starting Execute cloud user/final scripts...
         Stopping User Manager for UID 1000...
[[0;32m  OK  [0m] Stopped User Manager for UID 1000.
[[0;32m  OK  [0m] Removed slice User Slice of vagrant.
ci-info: no authorized SSH keys fingerprints found for user ubuntu.
<14>Feb 15 16:50:57 ec2: 
<14>Feb 15 16:50:57 ec2: #############################################################
<14>Feb 15 16:50:57 ec2: -----BEGIN SSH HOST KEY FINGERPRINTS-----
<14>Feb 15 16:50:57 ec2: 1024 SHA256:jtazqApB299l3qy3jGB4k/7/xLUYObWHovZSeFE9LVY root@ubuntu-xenial (DSA)
<14>Feb 15 16:50:57 ec2: 256 SHA256:22Hqh0xUZmfMnOhIm8kZeliV1+z+2oV2eU1ggsbRZ3M root@ubuntu-xenial (ECDSA)
<14>Feb 15 16:50:57 ec2: 256 SHA256:L5nfV/lNhqlHdWJfBZeOKhG2WwufOhuXBrlkbzqrR5M root@ubuntu-xenial (ED25519)
<14>Feb 15 16:50:57 ec2: 2048 SHA256:5opjwYUiJ1rU3IUf4bqcjIdrjS/qaOPokI73wkDOxl8 root@ubuntu-xenial (RSA)
<14>Feb 15 16:50:57 ec2: -----END SSH HOST KEY FINGERPRINTS-----
<14>Feb 15 16:50:57 ec2: #############################################################
-----BEGIN SSH HOST KEY KEYS-----
ecdsa-sha2-nistp256 AAAAE2VjZHNhLXNoYTItbmlzdHAyNTYAAAAIbmlzdHAyNTYAAABBBC8VtVm4Ha4bC5XXEFZH+0SdMhmzK1SyiSUM+JiJpPVo73z+VatsrPDZVWSmVxU+01eYRNbKhQHZVjjLUZUdQfM= root@ubuntu-xenial
ssh-ed25519 AAAAC3NzaC1lZDI1NTE5AAAAICPVfvhl0iH9aPnJMKZyzH3uoxXPFsYD3ZZ0//6r7Tcf root@ubuntu-xenial
ssh-rsa AAAAB3NzaC1yc2EAAAADAQABAAABAQDIJc5ASyFUHwDStD4rbt0tgaoTLE8wjMHX2Z6x0bPF9s+1X0wo65oGqX76Rg8ZB7KnUYpfhdcCckzzFNAo/q8Wd828XWcY2dx1x4v6JRRMCoqWKvR/xjkXgAUP1FkE78ezeQlmm523Jtmp/HbgsPRaTGZ2g5GNkYBLLO8DYJDaIauzhdunBub7jONyUYxbsgW10EWs4s4Hp0ZggpaQ4XAelC7hPLrfEHvXANRAHc5p2TBiwHaVewnZ1Dioo1lEIzYhiCdqarMH7BCuXlCJvEN21qHNtWXqBPBIN34bBRpf2Zva+m3x44CHcJWHH/3i7YH9nk8MP3v9kCAKaQ1FZFRR root@ubuntu-xenial
-----END SSH HOST KEY KEYS-----
[   13.828092] cloud-init[1480]: Cloud-init v. 21.1-19-gbad84ad4-0ubuntu1~16.04.2 running 'modules:final' at Tue, 15 Feb 2022 16:50:57 +0000. Up 13.68 seconds.
[   13.830211] cloud-init[1480]: ci-info: no authorized SSH keys fingerprints found for user ubuntu.
[   13.831707] cloud-init[1480]: Cloud-init v. 21.1-19-gbad84ad4-0ubuntu1~16.04.2 finished at Tue, 15 Feb 2022 16:50:57 +0000. Datasource DataSourceNoCloud [seed=/dev/sdb][dsmode=net].  Up 13.82 seconds
[[0;32m  OK  [0m] Created slice User Slice of vagrant.
         Starting User Manager for UID 1000...
[[0;32m  OK  [0m] Started Execute cloud user/final scripts.
[[0;32m  OK  [0m] Started Session 2 of user vagrant.
[[0;32m  OK  [0m] Reached target Cloud-init target.
[[0;32m  OK  [0m] Started User Manager for UID 1000.

Ubuntu 16.04.7 LTS ubuntu-xenial ttyS0

ubuntu-xenial login: [[0;32m  OK  [0m] Stopped target Graphical Interface.
         Stopping Accounts Service...
[[0;32m  OK  [0m] Stopped target Cloud-init target.
[[0;32m  OK  [0m] Stopped Execute cloud user/final scripts.
[[0;32m  OK  [0m] Stopped Apply the settings specified in cloud-config.
[[0;32m  OK  [0m] Stopped target Cloud-config availability.
         Stopping User Manager for UID 1000...
[[0;32m  OK  [0m] Stopped target Timers.
[[0;32m  OK  [0m] Stopped Daily apt upgrade and clean activities.
[[0;32m  OK  [0m] Stopped Discard unused blocks once a week.
[[0;32m  OK  [0m] Stopped Message of the Day.
[[0;32m  OK  [0m] Stopped Ubuntu Advantage Timer for running repeated jobs.
         Stopping Availability of block devices...
[[0;32m  OK  [0m] Stopped target Multi-User System.
         Stopping LSB: automatic crash report generation...
         Stopping LXD - container startup/shutdown...
         Stopping Virtualbox guest utils...
[[0;32m  OK  [0m] Stopped Set the CPU Frequency Scaling governor.
         Stopping D-Bus System Message Bus...
         Stopping Dispatcher daemon for systemd-networkd...
         Stopping FUSE filesystem for LXC...
         Stopping irqbalance daemon...
         Stopping Regular background program processing daemon...
         Stopping Unattended Upgrades Shutdown...
[[0;32m  OK  [0m] Stopped Wait until snapd is fully seeded.
[[0;32m  OK  [0m] Stopped target Login Prompts.
         Stopping Serial Getty on ttyS0...
         Stopping Getty on tty1...
         Stopping OpenBSD Secure Shell server...
         Stopping Session 3 of user vagrant.
         Stopping LSB: Record successful boot for GRUB...
[[0;32m  OK  [0m] Stopped Daily apt download activities.
[[0;32m  OK  [0m] Stopped target System Time Synchronized.
         Stopping Daemon for generating UUIDs...
[[0;32m  OK  [0m] Closed Load/Save RF Kill Switch Status /dev/rfkill Watch.
[[0;32m  OK  [0m] Stopped Daily Cleanup of Temporary Directories.
         Stopping Deferred execution scheduler...
         Stopping System Logging Service...
[[0;32m  OK  [0m] Unmounted /var/lib/lxcfs.
[[0;32m  OK  [0m] Stopped Getty on tty1.
[[0;32m  OK  [0m] Stopped Serial Getty on ttyS0.
[[0;32m  OK  [0m] Stopped User Manager for UID 1000.
[[0;32m  OK  [0m] Stopped Regular background program processing daemon.
[[0;32m  OK  [0m] Stopped Deferred execution scheduler.
[[0;32m  OK  [0m] Stopped Accounts Service.
[[0;32m  OK  [0m] Stopped Daemon for generating UUIDs.
[[0;32m  OK  [0m] Stopped OpenBSD Secure Shell server.
[[0;32m  OK  [0m] Stopped Dispatcher daemon for systemd-networkd.
[[0;32m  OK  [0m] Stopped System Logging Service.
[[0;32m  OK  [0m] Stopped irqbalance daemon.
[[0;32m  OK  [0m] Stopped D-Bus System Message Bus.
[[0;32m  OK  [0m] Stopped FUSE filesystem for LXC.
[[0;32m  OK  [0m] Stopped Session 3 of user vagrant.
[[0;32m  OK  [0m] Stopped LXD - container startup/shutdown.
[[0;32m  OK  [0m] Removed slice User Slice of vagrant.
[[0;32m  OK  [0m] Removed slice system-serial\x2dgetty.slice.
         Stopping Permit User Sessions...
[[0;32m  OK  [0m] Stopped /etc/rc.local Compatibility.
[[0;32m  OK  [0m] Removed slice system-getty.slice.
[[0;32m  OK  [0m] Stopped Availability of block devices.
[[0;32m  OK  [0m] Stopped LSB: automatic crash report generation.
[[0;32m  OK  [0m] Stopped LSB: Record successful boot for GRUB.
[[0;32m  OK  [0m] Stopped Permit User Sessions.
[[0;32m  OK  [0m] Stopped target Remote File Systems.
         Unmounting /vagrant_data...
         Unmounting /vagrant...
[[0;32m  OK  [0m] Unmounted /run/user/1000.
[[0;32m  OK  [0m] Stopped Unattended Upgrades Shutdown.
[[0;32m  OK  [0m] Unmounted /vagrant_data.
         Stopping Login Service...
[[0;32m  OK  [0m] Stopped Virtualbox guest utils.
[[0;32m  OK  [0m] Unmounted /vagrant.
[[0;32m  OK  [0m] Reached target Unmount All Filesystems.
[[0;32m  OK  [0m] Stopped target Remote File Systems (Pre).
         Stopping Login to default iSCSI targets...
[[0;32m  OK  [0m] Stopped Login to default iSCSI targets.
         Stopping iSCSI initiator daemon (iscsid)...
[[0;32m  OK  [0m] Stopped iSCSI initiator daemon (iscsid).
[[0;32m  OK  [0m] Stopped target Network is Online.
[[0;32m  OK  [0m] Stopped target Network.
[[0;32m  OK  [0m] Stopped Login Service.
[[0;32m  OK  [0m] Stopped target Basic System.
[[0;32m  OK  [0m] Stopped target Slices.
[[0;32m  OK  [0m] Removed slice User and Session Slice.
[[0;32m  OK  [0m] Stopped target Paths.
[[0;32m  OK  [0m] Stopped Trigger to poll for Ubuntu …(Only enabled on GCP LTS non-pro).
[[0;32m  OK  [0m] Stopped resolvconf-pull-resolved.path.
[[0;32m  OK  [0m] Stopped target Sockets.
[[0;32m  OK  [0m] Closed ACPID Listen Socket.
[[0;32m  OK  [0m] Closed Socket activation for snappy daemon.
[[0;32m  OK  [0m] Closed UUID daemon activation socket.
[[0;32m  OK  [0m] Closed D-Bus System Message Bus Socket.
[[0;32m  OK  [0m] Closed Syslog Socket.
[[0;32m  OK  [0m] Closed LXD - unix socket.
[[0;32m  OK  [0m] Stopped target System Initialization.
[[0;32m  OK  [0m] Stopped Initial cloud-init job (metadata service crawler).
         Stopping Raise network interfaces...
         Stopping Load/Save Random Seed...
         Stopping Update UTMP about System Boot/Shutdown...
[[0;32m  OK  [0m] Stopped target Local Encrypted Volumes.
[[0;32m  OK  [0m] Stopped Dispatch Password Requests to Console Directory Watch.
[[0;32m  OK  [0m] Stopped Forward Password Requests to Wall Directory Watch.
[[0;32m  OK  [0m] Stopped target Swap.
[[0;32m  OK  [0m] Stopped Commit a transient machine-id on disk.
[[0;32m  OK  [0m] Stopped target User and Group Name Lookups.
[[0;32m  OK  [0m] Stopped Load/Save Random Seed.
[[0;32m  OK  [0m] Stopped Update UTMP about System Boot/Shutdown.
[[0;32m  OK  [0m] Stopped Create Volatile Files and Directories.
[[0;32m  OK  [0m] Stopped Raise network interfaces.
[[0;32m  OK  [0m] Stopped Apply Kernel Variables.
[[0;32m  OK  [0m] Stopped Load Kernel Modules.
[[0;32m  OK  [0m] Stopped target Local File Systems.
[[0;32m  OK  [0m] Stopped target Local File Systems (Pre).
         Stopping Monitoring of LVM2 mirrors…ng dmeventd or progress polling...
[[0;32m  OK  [0m] Stopped Create Static Device Nodes in /dev.
[[0;32m  OK  [0m] Stopped target Network (Pre).
[[0;32m  OK  [0m] Stopped Initial cloud-init job (pre-networking).
[[0;32m  OK  [0m] Stopped Remount Root and Kernel File Systems.
[[0;32m  OK  [0m] Reached target Shutdown.
[[0;32m  OK  [0m] Reached target Final Step.
         Starting Reboot...
[[0;32m  OK  [0m] Stopped Monitoring of LVM2 mirrors,…sing dmeventd or progress polling.
         Stopping LVM2 metadata daemon...
[[0;32m  OK  [0m] Stopped LVM2 metadata daemon.
[29055.957124] reboot: Restarting system
[    0.000000] Linux version 4.15.0-167-generic (buildd@lcy02-amd64-045) (gcc version 7.5.0 (Ubuntu 7.5.0-3ubuntu1~18.04)) #175-Ubuntu SMP Wed Jan 5 01:56:07 UTC 2022 (Ubuntu 4.15.0-167.175-generic 4.15.18)
[    0.000000] Command line: BOOT_IMAGE=/boot/vmlinuz-4.15.0-167-generic root=UUID=d733b143-dffd-45ac-b6a6-51fd97f3afd8 ro console=tty1 console=ttyS0
[    0.000000] KERNEL supported cpus:
[    0.000000]   Intel GenuineIntel
[    0.000000]   AMD AuthenticAMD
[    0.000000]   Centaur CentaurHauls
[    0.000000] x86/fpu: Supporting XSAVE feature 0x001: 'x87 floating point registers'
[    0.000000] x86/fpu: Supporting XSAVE feature 0x002: 'SSE registers'
[    0.000000] x86/fpu: Supporting XSAVE feature 0x004: 'AVX registers'
[    0.000000] x86/fpu: xstate_offset[2]:  576, xstate_sizes[2]:  256
[    0.000000] x86/fpu: Enabled xstate features 0x7, context size is 832 bytes, using 'standard' format.
[    0.000000] e820: BIOS-provided physical RAM map:
[    0.000000] BIOS-e820: [mem 0x0000000000000000-0x000000000009fbff] usable
[    0.000000] BIOS-e820: [mem 0x000000000009fc00-0x000000000009ffff] reserved
[    0.000000] BIOS-e820: [mem 0x00000000000f0000-0x00000000000fffff] reserved
[    0.000000] BIOS-e820: [mem 0x0000000000100000-0x000000003ffeffff] usable
[    0.000000] BIOS-e820: [mem 0x000000003fff0000-0x000000003fffffff] ACPI data
[    0.000000] BIOS-e820: [mem 0x00000000fec00000-0x00000000fec00fff] reserved
[    0.000000] BIOS-e820: [mem 0x00000000fee00000-0x00000000fee00fff] reserved
[    0.000000] BIOS-e820: [mem 0x00000000fffc0000-0x00000000ffffffff] reserved
[    0.000000] NX (Execute Disable) protection: active
[    0.000000] SMBIOS 2.5 present.
[    0.000000] DMI: innotek GmbH VirtualBox/VirtualBox, BIOS VirtualBox 12/01/2006
[    0.000000] Hypervisor detected: KVM
[    0.000000] e820: last_pfn = 0x3fff0 max_arch_pfn = 0x400000000
[    0.000000] MTRR: Disabled
[    0.000000] x86/PAT: MTRRs disabled, skipping PAT initialization too.
[    0.000000] CPU MTRRs all blank - virtualized system.
[    0.000000] x86/PAT: Configuration [0-7]: WB  WT  UC- UC  WB  WT  UC- UC  
[    0.000000] found SMP MP-table at [mem 0x0009fff0-0x0009ffff]
[    0.000000] Scanning 1 areas for low memory corruption
[    0.000000] RAMDISK: [mem 0x30bfd000-0x345f5fff]
[    0.000000] ACPI: Early table checksum verification disabled
[    0.000000] ACPI: RSDP 0x00000000000E0000 000024 (v02 VBOX  )
[    0.000000] ACPI: XSDT 0x000000003FFF0030 00003C (v01 VBOX   VBOXXSDT 00000001 ASL  00000061)
[    0.000000] ACPI: FACP 0x000000003FFF00F0 0000F4 (v04 VBOX   VBOXFACP 00000001 ASL  00000061)
[    0.000000] ACPI: DSDT 0x000000003FFF0470 002325 (v02 VBOX   VBOXBIOS 00000002 INTL 20190509)
[    0.000000] ACPI: FACS 0x000000003FFF0200 000040
[    0.000000] ACPI: FACS 0x000000003FFF0200 000040
[    0.000000] ACPI: APIC 0x000000003FFF0240 00005C (v02 VBOX   VBOXAPIC 00000001 ASL  00000061)
[    0.000000] ACPI: SSDT 0x000000003FFF02A0 0001CC (v01 VBOX   VBOXCPUT 00000002 INTL 20190509)
[    0.000000] ACPI: Reserving FACP table memory at [mem 0x3fff00f0-0x3fff01e3]
[    0.000000] ACPI: Reserving DSDT table memory at [mem 0x3fff0470-0x3fff2794]
[    0.000000] ACPI: Reserving FACS table memory at [mem 0x3fff0200-0x3fff023f]
[    0.000000] ACPI: Reserving FACS table memory at [mem 0x3fff0200-0x3fff023f]
[    0.000000] ACPI: Reserving APIC table memory at [mem 0x3fff0240-0x3fff029b]
[    0.000000] ACPI: Reserving SSDT table memory at [mem 0x3fff02a0-0x3fff046b]
[    0.000000] No NUMA configuration found
[    0.000000] Faking a node at [mem 0x0000000000000000-0x000000003ffeffff]
[    0.000000] NODE_DATA(0) allocated [mem 0x3ffc5000-0x3ffeffff]
[    0.000000] kvm-clock: cpu 0, msr 0:3ff44001, primary cpu clock
[    0.000000] kvm-clock: Using msrs 4b564d01 and 4b564d00
[    0.000000] kvm-clock: using sched offset of 4226417359 cycles
[    0.000000] clocksource: kvm-clock: mask: 0xffffffffffffffff max_cycles: 0x1cd42e4dffb, max_idle_ns: 881590591483 ns
[    0.000000] Zone ranges:
[    0.000000]   DMA      [mem 0x0000000000001000-0x0000000000ffffff]
[    0.000000]   DMA32    [mem 0x0000000001000000-0x000000003ffeffff]
[    0.000000]   Normal   empty
[    0.000000]   Device   empty
[    0.000000] Movable zone start for each node
[    0.000000] Early memory node ranges
[    0.000000]   node   0: [mem 0x0000000000001000-0x000000000009efff]
[    0.000000]   node   0: [mem 0x0000000000100000-0x000000003ffeffff]
[    0.000000] Reserved but unavailable: 104 pages
[    0.000000] Initmem setup node 0 [mem 0x0000000000001000-0x000000003ffeffff]
[    0.000000] ACPI: PM-Timer IO Port: 0x4008
[    0.000000] IOAPIC[0]: apic_id 2, version 32, address 0xfec00000, GSI 0-23
[    0.000000] ACPI: INT_SRC_OVR (bus 0 bus_irq 0 global_irq 2 dfl dfl)
[    0.000000] ACPI: INT_SRC_OVR (bus 0 bus_irq 9 global_irq 9 low level)
[    0.000000] Using ACPI (MADT) for SMP configuration information
[    0.000000] smpboot: Allowing 2 CPUs, 0 hotplug CPUs
[    0.000000] PM: Registered nosave memory: [mem 0x00000000-0x00000fff]
[    0.000000] PM: Registered nosave memory: [mem 0x0009f000-0x0009ffff]
[    0.000000] PM: Registered nosave memory: [mem 0x000a0000-0x000effff]
[    0.000000] PM: Registered nosave memory: [mem 0x000f0000-0x000fffff]
[    0.000000] e820: [mem 0x40000000-0xfebfffff] available for PCI devices
[    0.000000] Booting paravirtualized kernel on KVM
[    0.000000] clocksource: refined-jiffies: mask: 0xffffffff max_cycles: 0xffffffff, max_idle_ns: 7645519600211568 ns
[    0.000000] random: get_random_bytes called from start_kernel+0x99/0x500 with crng_init=0
[    0.000000] setup_percpu: NR_CPUS:8192 nr_cpumask_bits:2 nr_cpu_ids:2 nr_node_ids:1
[    0.000000] percpu: Embedded 50 pages/cpu s167936 r8192 d28672 u1048576
[    0.000000] PV qspinlock hash table entries: 256 (order: 0, 4096 bytes)
[    0.000000] Built 1 zonelists, mobility grouping on.  Total pages: 257913
[    0.000000] Policy zone: DMA32
[    0.000000] Kernel command line: BOOT_IMAGE=/boot/vmlinuz-4.15.0-167-generic root=UUID=d733b143-dffd-45ac-b6a6-51fd97f3afd8 ro console=tty1 console=ttyS0
[    0.000000] Memory: 942804K/1048120K available (12300K kernel code, 2483K rwdata, 4324K rodata, 2476K init, 2724K bss, 105316K reserved, 0K cma-reserved)
[    0.000000] SLUB: HWalign=64, Order=0-3, MinObjects=0, CPUs=2, Nodes=1
[    0.000000] Kernel/User page tables isolation: enabled
[    0.000000] ftrace: allocating 39494 entries in 155 pages
[    0.004000] Hierarchical RCU implementation.
[    0.004000] 	RCU restricting CPUs from NR_CPUS=8192 to nr_cpu_ids=2.
[    0.004000] 	Tasks RCU enabled.
[    0.004000] RCU: Adjusting geometry for rcu_fanout_leaf=16, nr_cpu_ids=2
[    0.004000] NR_IRQS: 524544, nr_irqs: 440, preallocated irqs: 16
[    0.004000] Console: colour VGA+ 80x25
[    0.004000] console [tty1] enabled
[    0.004000] console [ttyS0] enabled
[    0.004000] ACPI: Core revision 20170831
[    0.004000] ACPI: 2 ACPI AML tables successfully acquired and loaded
[    0.004000] APIC: Switch to symmetric I/O mode setup
[    0.004000] x2apic enabled
[    0.004000] Switched APIC routing to physical x2apic.
[    0.004000] ..TIMER: vector=0x30 apic1=0 pin1=2 apic2=-1 pin2=-1
[    0.004000] tsc: Detected 2303.998 MHz processor
[    0.004008] Calibrating delay loop (skipped) preset value.. 4607.99 BogoMIPS (lpj=9215992)
[    0.005039] pid_max: default: 32768 minimum: 301
[    0.005624] Security Framework initialized
[    0.006138] Yama: becoming mindful.
[    0.006594] AppArmor: AppArmor initialized
[    0.007319] Dentry cache hash table entries: 131072 (order: 8, 1048576 bytes)
[    0.008048] Inode-cache hash table entries: 65536 (order: 7, 524288 bytes)
[    0.008867] Mount-cache hash table entries: 2048 (order: 2, 16384 bytes)
[    0.009758] Mountpoint-cache hash table entries: 2048 (order: 2, 16384 bytes)
[    0.010998] Last level iTLB entries: 4KB 64, 2MB 8, 4MB 8
[    0.012001] Last level dTLB entries: 4KB 64, 2MB 0, 4MB 0, 1GB 4
[    0.012771] Spectre V1 : Mitigation: usercopy/swapgs barriers and __user pointer sanitization
[    0.013794] Spectre V2 : Mitigation: Full generic retpoline
[    0.014463] Spectre V2 : Spectre v2 / SpectreRSB mitigation: Filling RSB on context switch
[    0.015599] Speculative Store Bypass: Vulnerable
[    0.016037] SRBDS: Unknown: Dependent on hypervisor status
[    0.016721] MDS: Mitigation: Clear CPU buffers
[    0.017401] Freeing SMP alternatives memory: 36K
[    0.128666] smpboot: CPU0: Intel(R) Core(TM) i7-10510U CPU @ 1.80GHz (family: 0x6, model: 0x8e, stepping: 0xc)
[    0.130370] Performance Events: unsupported p6 CPU model 142 no PMU driver, software events only.
[    0.131676] Hierarchical SRCU implementation.
[    0.132299] NMI watchdog: Perf event create on CPU 0 failed with -2
[    0.133046] NMI watchdog: Perf NMI watchdog permanently disabled
[    0.133797] smp: Bringing up secondary CPUs ...
[    0.134418] x86: Booting SMP configuration:
[    0.134948] .... node  #0, CPUs:      #1
[    0.004000] kvm-clock: cpu 1, msr 0:3ff44041, secondary cpu clock
[    0.138587] smp: Brought up 1 node, 2 CPUs
[    0.138587] smpboot: Max logical packages: 1
[    0.138587] smpboot: Total of 2 processors activated (9215.99 BogoMIPS)
[    0.140085] devtmpfs: initialized
[    0.140599] x86/mm: Memory block size: 128MB
[    0.141281] evm: security.selinux
[    0.141746] evm: security.SMACK64
[    0.142296] evm: security.SMACK64EXEC
[    0.142856] evm: security.SMACK64TRANSMUTE
[    0.144002] evm: security.SMACK64MMAP
[    0.144467] evm: security.apparmor
[    0.144976] evm: security.ima
[    0.145427] evm: security.capability
[    0.145967] clocksource: jiffies: mask: 0xffffffff max_cycles: 0xffffffff, max_idle_ns: 7645041785100000 ns
[    0.145967] futex hash table entries: 512 (order: 3, 32768 bytes)
[    0.148033] pinctrl core: initialized pinctrl subsystem
[    0.149021] RTC time:  0:55:03, date: 02/16/22
[    0.149798] NET: Registered protocol family 16
[    0.150561] audit: initializing netlink subsys (disabled)
[    0.152020] audit: type=2000 audit(1645024477.083:1): state=initialized audit_enabled=0 res=1
[    0.153513] cpuidle: using governor ladder
[    0.153513] cpuidle: using governor menu
[    0.153513] ACPI: bus type PCI registered
[    0.153868] acpiphp: ACPI Hot Plug PCI Controller Driver version: 0.5
[    0.156106] PCI: Using configuration type 1 for base access
[    0.156862] HugeTLB registered 2.00 MiB page size, pre-allocated 0 pages
[    0.156942] ACPI: Added _OSI(Module Device)
[    0.160002] ACPI: Added _OSI(Processor Device)
[    0.160518] ACPI: Added _OSI(3.0 _SCP Extensions)
[    0.161057] ACPI: Added _OSI(Processor Aggregator Device)
[    0.161691] ACPI: Added _OSI(Linux-Dell-Video)
[    0.162310] ACPI: Added _OSI(Linux-Lenovo-NV-HDMI-Audio)
[    0.163125] ACPI: Added _OSI(Linux-HPI-Hybrid-Graphics)
[    0.164297] ACPI: Executed 1 blocks of module-level executable AML code
[    0.168748] ACPI: Interpreter enabled
[    0.169346] ACPI: (supports S0 S5)
[    0.169895] ACPI: Using IOAPIC for interrupt routing
[    0.170860] PCI: Using host bridge windows from ACPI; if necessary, use "pci=nocrs" and report a bug
[    0.172144] ACPI: Enabled 2 GPEs in block 00 to 07
[    0.178555] ACPI: PCI Root Bridge [PCI0] (domain 0000 [bus 00-ff])
[    0.179760] acpi PNP0A03:00: _OSC: OS supports [ASPM ClockPM Segments MSI]
[    0.180618] acpi PNP0A03:00: _OSC: not requesting OS control; OS requires [ExtendedConfig ASPM ClockPM MSI]
[    0.182431] acpi PNP0A03:00: fail to add MMCONFIG information, can't access extended PCI configuration space under this bridge.
[    0.184383] PCI host bridge to bus 0000:00
[    0.185119] pci_bus 0000:00: root bus resource [io  0x0000-0x0cf7 window]
[    0.186270] pci_bus 0000:00: root bus resource [io  0x0d00-0xffff window]
[    0.188003] pci_bus 0000:00: root bus resource [mem 0x000a0000-0x000bffff window]
[    0.189950] pci_bus 0000:00: root bus resource [mem 0x40000000-0xfdffffff window]
[    0.192003] pci_bus 0000:00: root bus resource [bus 00-ff]
[    0.194752] pci 0000:00:01.1: legacy IDE quirk: reg 0x10: [io  0x01f0-0x01f7]
[    0.196003] pci 0000:00:01.1: legacy IDE quirk: reg 0x14: [io  0x03f6]
[    0.197063] pci 0000:00:01.1: legacy IDE quirk: reg 0x18: [io  0x0170-0x0177]
[    0.198115] pci 0000:00:01.1: legacy IDE quirk: reg 0x1c: [io  0x0376]
[    0.209629] pci 0000:00:07.0: quirk: [io  0x4000-0x403f] claimed by PIIX4 ACPI
[    0.210777] pci 0000:00:07.0: quirk: [io  0x4100-0x410f] claimed by PIIX4 SMB
[    0.219357] ACPI: PCI Interrupt Link [LNKA] (IRQs 5 9 10 *11)
[    0.220319] ACPI: PCI Interrupt Link [LNKB] (IRQs 5 9 *10 11)
[    0.221444] ACPI: PCI Interrupt Link [LNKC] (IRQs 5 *9 10 11)
[    0.222512] ACPI: PCI Interrupt Link [LNKD] (IRQs 5 9 10 *11)
[    0.223645] SCSI subsystem initialized
[    0.224038] pci 0000:00:02.0: vgaarb: setting as boot VGA device
[    0.224818] pci 0000:00:02.0: vgaarb: VGA device added: decodes=io+mem,owns=io+mem,locks=none
[    0.225961] pci 0000:00:02.0: vgaarb: bridge control possible
[    0.226837] vgaarb: loaded
[    0.227256] ACPI: bus type USB registered
[    0.228043] usbcore: registered new interface driver usbfs
[    0.228814] usbcore: registered new interface driver hub
[    0.229532] usbcore: registered new device driver usb
[    0.230360] EDAC MC: Ver: 3.0.0
[    0.232174] PCI: Using ACPI for IRQ routing
[    0.233047] NetLabel: Initializing
[    0.233608] NetLabel:  domain hash size = 128
[    0.234308] NetLabel:  protocols = UNLABELED CIPSOv4 CALIPSO
[    0.235253] NetLabel:  unlabeled traffic allowed by default
[    0.236913] clocksource: Switched to clocksource kvm-clock
[    0.245582] VFS: Disk quotas dquot_6.6.0
[    0.246227] VFS: Dquot-cache hash table entries: 512 (order 0, 4096 bytes)
[    0.247325] AppArmor: AppArmor Filesystem Enabled
[    0.248132] pnp: PnP ACPI init
[    0.249590] pnp: PnP ACPI: found 3 devices
[    0.258524] clocksource: acpi_pm: mask: 0xffffff max_cycles: 0xffffff, max_idle_ns: 2085701024 ns
[    0.259998] NET: Registered protocol family 2
[    0.260893] IP idents hash table entries: 16384 (order: 5, 131072 bytes)
[    0.262529] TCP established hash table entries: 8192 (order: 4, 65536 bytes)
[    0.263434] TCP bind hash table entries: 8192 (order: 5, 131072 bytes)
[    0.264390] TCP: Hash tables configured (established 8192 bind 8192)
[    0.265167] UDP hash table entries: 512 (order: 2, 16384 bytes)
[    0.265954] UDP-Lite hash table entries: 512 (order: 2, 16384 bytes)
[    0.266729] NET: Registered protocol family 1
[    0.267282] pci 0000:00:00.0: Limiting direct PCI/PCI transfers
[    0.268319] pci 0000:00:01.0: Activating ISA DMA hang workarounds
[    0.269303] pci 0000:00:02.0: Video device with shadowed ROM at [mem 0x000c0000-0x000dffff]
[    0.270744] Unpacking initramfs...
[    0.872380] Freeing initrd memory: 59364K
[    0.873340] clocksource: tsc: mask: 0xffffffffffffffff max_cycles: 0x2135f5e6f15, max_idle_ns: 440795231538 ns
[    0.874860] platform rtc_cmos: registered platform RTC device (no PNP device found)
[    0.876066] Scanning for low memory corruption every 60 seconds
[    0.877583] Initialise system trusted keyrings
[    0.878221] Key type blacklist registered
[    0.878992] workingset: timestamp_bits=36 max_order=18 bucket_order=0
[    0.880681] zbud: loaded
[    0.881500] squashfs: version 4.0 (2009/01/31) Phillip Lougher
[    0.882506] fuse init (API version 7.26)
[    0.885117] Key type asymmetric registered
[    0.885817] Asymmetric key parser 'x509' registered
[    0.886599] Block layer SCSI generic (bsg) driver version 0.4 loaded (major 246)
[    0.887777] io scheduler noop registered
[    0.888422] io scheduler deadline registered
[    0.889110] io scheduler cfq registered (default)
[    0.890098] ACPI: AC Adapter [AC] (on-line)
[    0.890796] input: Power Button as /devices/LNXSYSTM:00/LNXPWRBN:00/input/input0
[    0.891939] ACPI: Power Button [PWRF]
[    0.892521] input: Sleep Button as /devices/LNXSYSTM:00/LNXSLPBN:00/input/input1
[    0.893488] ACPI: Sleep Button [SLPF]
[    0.894698] ACPI: Battery Slot [BAT0] (battery present)
[    0.895498] Serial: 8250/16550 driver, 32 ports, IRQ sharing enabled
[    0.916925] 00:02: ttyS0 at I/O 0x3f8 (irq = 4, base_baud = 115200) is a 16550A
[    0.920182] Linux agpgart interface v0.103
[    0.921980] loop: module loaded
[    0.922994] scsi host0: ata_piix
[    0.923673] scsi host1: ata_piix
[    0.924276] ata1: PATA max UDMA/33 cmd 0x1f0 ctl 0x3f6 bmdma 0xd000 irq 14
[    0.925361] ata2: PATA max UDMA/33 cmd 0x170 ctl 0x376 bmdma 0xd008 irq 15
[    0.926450] libphy: Fixed MDIO Bus: probed
[    0.927113] tun: Universal TUN/TAP device driver, 1.6
[    0.927938] PPP generic driver version 2.4.2
[    0.928698] ehci_hcd: USB 2.0 'Enhanced' Host Controller (EHCI) Driver
[    0.929774] ehci-pci: EHCI PCI platform driver
[    0.930735] ehci-platform: EHCI generic platform driver
[    0.931784] ohci_hcd: USB 1.1 'Open' Host Controller (OHCI) Driver
[    0.933057] ohci-pci: OHCI PCI platform driver
[    0.934015] ohci-platform: OHCI generic platform driver
[    0.935099] uhci_hcd: USB Universal Host Controller Interface driver
[    0.936795] i8042: PNP: PS/2 Controller [PNP0303:PS2K,PNP0f03:PS2M] at 0x60,0x64 irq 1,12
[    0.939052] serio: i8042 KBD port at 0x60,0x64 irq 1
[    0.940172] serio: i8042 AUX port at 0x60,0x64 irq 12
[    0.941312] mousedev: PS/2 mouse device common for all mice
[    0.942897] input: AT Translated Set 2 keyboard as /devices/platform/i8042/serio0/input/input2
[    0.944067] rtc_cmos rtc_cmos: rtc core: registered rtc_cmos as rtc0
[    0.945588] rtc_cmos rtc_cmos: alarms up to one day, 114 bytes nvram
[    0.946688] i2c /dev entries driver
[    0.947342] device-mapper: uevent: version 1.0.3
[    0.948024] device-mapper: ioctl: 4.37.0-ioctl (2017-09-20) initialised: dm-devel@redhat.com
[    0.949701] ledtrig-cpu: registered to indicate activity on CPUs
[    0.950976] NET: Registered protocol family 10
[    0.955756] Segment Routing with IPv6
[    0.956515] NET: Registered protocol family 17
[    0.957353] Key type dns_resolver registered
[    0.958198] mce: Using 0 MCE banks
[    0.958708] RAS: Correctable Errors collector initialized.
[    0.959498] sched_clock: Marking stable (958125772, 0)->(1073864087, -115738315)
[    0.961121] registered taskstats version 1
[    0.961769] Loading compiled-in X.509 certificates
[    0.965397] Loaded X.509 cert 'Build time autogenerated kernel key: 51c91b167e8daada285dd448a981da05683ebd03'
[    0.967216] Loaded X.509 cert 'Canonical Ltd. Live Patch Signing: 14df34d1a87cf37625abec039ef2bf521249b969'
[    0.969474] Loaded X.509 cert 'Canonical Ltd. Kernel Module Signing: 88f752e560a1e0737e31163a466ad7b70a850c19'
[    0.970975] blacklist: Loading compiled-in revocation X.509 certificates
[    0.971998] Loaded X.509 cert 'Canonical Ltd. Secure Boot Signing: 61482aa2830d0ab2ad5af10b7250da9033ddcef0'
[    0.973738] zswap: loaded using pool lzo/zbud
[    0.978295] Key type big_key registered
[    0.978925] Key type trusted registered
[    0.981208] Key type encrypted registered
[    0.981970] AppArmor: AppArmor sha1 policy hashing enabled
[    0.982842] ima: No TPM chip found, activating TPM-bypass! (rc=-19)
[    0.983607] ima: Allocated hash algorithm: sha1
[    0.984332] evm: HMAC attrs: 0x1
[    0.984955]   Magic number: 10:65:911
[    0.985612] rtc_cmos rtc_cmos: setting system clock to 2022-02-16 00:55:04 UTC (1644972904)
[    0.986786] BIOS EDD facility v0.16 2004-Jun-25, 0 devices found
[    0.987535] EDD information not available.
[    1.117216] Freeing unused kernel image memory: 2476K
[    1.128209] Write protecting the kernel read-only data: 20480k
[    1.131769] Freeing unused kernel image memory: 2008K
[    1.132825] Freeing unused kernel image memory: 1820K
[    1.141082] x86/mm: Checked W+X mappings: passed, no W+X pages found.
[    1.142056] x86/mm: Checking user space page tables
[    1.149697] x86/mm: Checked W+X mappings: passed, no W+X pages found.
Loading, please wait...
starting version 237
[    1.201943] e1000: Intel(R) PRO/1000 Network Driver - version 7.3.21-k8-NAPI
[    1.203295] e1000: Copyright (c) 1999-2006 Intel Corporation.
[    1.210583] ACPI: Video Device [GFX0] (multi-head: yes  rom: no  post: no)
[    1.211490] input: Video Bus as /devices/LNXSYSTM:00/LNXSYBUS:00/PNP0A03:00/LNXVIDEO:00/input/input4
[    1.224866] Fusion MPT base driver 3.04.20
[    1.225803] Copyright (c) 1999-2008 LSI Corporation
[    1.228754] Fusion MPT SPI Host driver 3.04.20
[    1.234898] AVX2 version of gcm_enc/dec engaged.
[    1.235614] AES CTR mode by8 optimization enabled
[    1.425498] input: ImExPS/2 Generic Explorer Mouse as /devices/platform/i8042/serio1/input/input5
[    1.565625] e1000 0000:00:03.0 eth0: (PCI:33MHz:32-bit) 02:be:82:6b:cc:1d
[    1.566695] e1000 0000:00:03.0 eth0: Intel(R) PRO/1000 Network Connection
[    1.927575] e1000 0000:00:08.0 eth1: (PCI:33MHz:32-bit) 08:00:27:af:34:8f
[    1.928794] e1000 0000:00:08.0 eth1: Intel(R) PRO/1000 Network Connection
[    1.929997] piix4_smbus 0000:00:07.0: SMBus Host Controller at 0x4100, revision 0
[    1.931867] e1000 0000:00:03.0 enp0s3: renamed from eth0
[    1.944077] mptbase: ioc0: Initiating bringup
[    1.956413] e1000 0000:00:08.0 enp0s8: renamed from eth1
[    2.076710] ioc0: LSI53C1030 A0: Capabilities={Initiator}
[    2.324008] scsi host2: ioc0: LSI53C1030 A0, FwRev=00000000h, Ports=1, MaxQ=256, IRQ=20
[    2.493468] scsi 2:0:0:0: Direct-Access     VBOX     HARDDISK         1.0  PQ: 0 ANSI: 5
[    2.799077] scsi target2:0:0: Beginning Domain Validation
[    2.807943] scsi target2:0:0: Domain Validation skipping write tests
[    2.812613] scsi target2:0:0: Ending Domain Validation
[    2.816270] scsi target2:0:0: asynchronous
[    2.821279] scsi 2:0:1:0: Direct-Access     VBOX     HARDDISK         1.0  PQ: 0 ANSI: 5
[    3.568331] scsi target2:0:1: Beginning Domain Validation
[    3.574053] random: fast init done
[    3.574738] scsi target2:0:1: Domain Validation skipping write tests
[    3.575916] scsi target2:0:1: Ending Domain Validation
[    3.576833] scsi target2:0:1: asynchronous
[    3.580425] sd 2:0:0:0: Attached scsi generic sg0 type 0
[    3.580467] random: systemd-udevd: uninitialized urandom read (16 bytes read)
[    3.582502] random: systemd-udevd: uninitialized urandom read (16 bytes read)
[    3.583631] random: systemd-udevd: uninitialized urandom read (16 bytes read)
[    3.583653] sd 2:0:1:0: Attached scsi generic sg1 type 0
[    3.584733] sd 2:0:0:0: [sda] 83886080 512-byte logical blocks: (42.9 GB/40.0 GiB)
[    3.586912] sd 2:0:0:0: [sda] Write Protect is off
[    3.587708] sd 2:0:1:0: [sdb] 20480 512-byte logical blocks: (10.5 MB/10.0 MiB)
[    3.588936] sd 2:0:1:0: [sdb] Write Protect is off
[    3.589776] sd 2:0:0:0: [sda] Incomplete mode parameter data
[    3.590854] sd 2:0:0:0: [sda] Assuming drive cache: write through
[    3.591885] sd 2:0:1:0: [sdb] Incomplete mode parameter data
[    3.592819] sd 2:0:1:0: [sdb] Assuming drive cache: write through
[    3.595047]  sda: sda1
[    3.596136] sd 2:0:0:0: [sda] Attached SCSI disk
[    3.596967] sd 2:0:1:0: [sdb] Attached SCSI disk
Begin: Loading essential drivers ... [    5.056069] raid6: sse2x1   gen() 12679 MB/s
[    5.104051] raid6: sse2x1   xor()  7396 MB/s
[    5.152059] raid6: sse2x2   gen() 15681 MB/s
[    5.200053] raid6: sse2x2   xor() 10246 MB/s
[    5.248070] raid6: sse2x4   gen() 16721 MB/s
[    5.296059] raid6: sse2x4   xor()  9870 MB/s
[    5.344063] raid6: avx2x1   gen() 21302 MB/s
[    5.392050] raid6: avx2x1   xor() 11453 MB/s
[    5.440033] raid6: avx2x2   gen() 25854 MB/s
[    5.488025] raid6: avx2x2   xor() 17049 MB/s
[    5.536052] raid6: avx2x4   gen() 28537 MB/s
[    5.584074] raid6: avx2x4   xor() 16610 MB/s
[    5.584756] raid6: using algorithm avx2x4 gen() 28537 MB/s
[    5.585703] raid6: .... xor() 16610 MB/s, rmw enabled
[    5.586377] raid6: using avx2x2 recovery algorithm
[    5.588006] xor: automatically using best checksumming function   avx       
[    5.590156] async_tx: api initialized (async)
done.
Begin: Running /scripts/init-premount ... done.
Begin: Mounting root file system ... Begin: Running /scripts/local-top ... done.
Begin: Running /scripts/local-premount ... [    5.636615] Btrfs loaded, crc32c=crc32c-intel
Scanning for Btrfs filesystems
done.
Begin: Will now check root file system ... fsck from util-linux 2.31.1
[/sbin/fsck.ext4 (1) -- /dev/sda1] fsck.ext4 -a -C0 /dev/sda1 
cloudimg-rootfs: clean, 78574/5120000 files, 867391/10485499 blocks
done.
[    5.675788] EXT4-fs (sda1): mounted filesystem with ordered data mode. Opts: (null)
done.
Begin: Running /scripts/local-bottom ... done.
Begin: Running /scripts/init-bottom ... done.
[    5.862686] ip_tables: (C) 2000-2006 Netfilter Core Team
[    5.870268] systemd[1]: systemd 237 running in system mode. (+PAM +AUDIT +SELINUX +IMA +APPARMOR +SMACK +SYSVINIT +UTMP +LIBCRYPTSETUP +GCRYPT +GNUTLS +ACL +XZ +LZ4 +SECCOMP +BLKID +ELFUTILS +KMOD -IDN2 +IDN -PCRE2 default-hierarchy=hybrid)
[    5.874193] systemd[1]: Detected virtualization oracle.
[    5.875130] systemd[1]: Detected architecture x86-64.

Welcome to [1mUbuntu 18.04.6 LTS[0m!

[    5.882198] systemd[1]: Set hostname to <ubuntu-xenial>.
[    6.105610] systemd[1]: Created slice System Slice.
[[0;32m  OK  [0m] Created slice System Slice.
[    6.107507] systemd[1]: Listening on Syslog Socket.
[[0;32m  OK  [0m] Listening on Syslog Socket.
[    6.109325] systemd[1]: Created slice system-serial\x2dgetty.slice.
[[0;32m  OK  [0m] Created slice system-serial\x2dgetty.slice.
[    6.111251] systemd[1]: Listening on udev Kernel Socket.
[[0;32m  OK  [0m] Listening on udev Kernel Socket.
[    6.112927] systemd[1]: Reached target User and Group Name Lookups.
[[0;32m  OK  [0m] Reached target User and Group Name Lookups.
[    6.114816] systemd[1]: Listening on /dev/initctl Compatibility Named Pipe.
[[0;32m  OK  [0m] Listening on /dev/initctl Compatibility Named Pipe.
[[0;32m  OK  [0m] Listening on Journal Audit Socket.
[[0;32m  OK  [0m] Started Forward Password Requests to Wall Directory Watch.
[[0;32m  OK  [0m] Listening on udev Control Socket.
[[0;32m  OK  [0m] Created slice User and Session Slice.
[[0;32m  OK  [0m] Listening on LVM2 metadata daemon socket.
[[0;32m  OK  [0m] Set up automount Arbitrary Executab…rmats File System Automount Point.
[[0;32m  OK  [0m] Listening on Device-mapper event daemon FIFOs.
[[0;32m  OK  [0m] Listening on LVM2 poll daemon socket.
[[0;32m  OK  [0m] Listening on fsck to fsckd communication Socket.
[[0;32m  OK  [0m] Reached target Swap.
[[0;32m  OK  [0m] Reached target Slices.
[[0;32m  OK  [0m] Listening on Journal Socket.
         Starting Set the console keyboard layout...
         Mounting Huge Pages File System...
         Starting Monitoring of LVM2 mirrors…ng dmeventd or progress polling...
         Mounting POSIX Message Queue File System...
         Mounting Kernel Debug File System...
         Starting Uncomplicated firewall...
         Starting Nameserver information manager...
         Starting udev Coldplug all Devices...
         Starting Create list of required st…ce nodes for the current kernel...
         Starting Load Kernel Modules...
[    6.216416] Loading iSCSI transport class v2.0-870.
         Starting Remount Root and Kernel File Systems...
[[0;32m  OK  [0m] Listening on Journal Socket (/dev/log).
         Starting Journal Service...
[[0;32m  OK  [0m] Reached target System Time Synchronized.
[[0;32m  OK  [0m] Mounted Huge Pages File System.
[[0;32m  OK  [0m] Mounted POSIX Message Queue File System.
[[0;32m  OK  [0m] Mounted Kernel Debug File System.
[[0;32m  OK  [0m] Started Uncomplicated firewall.
[    6.225974] iscsi: registered transport (tcp)
[[0;32m  OK  [0m] Started Create list of required sta…vice nodes for the current kernel.
[[0;32m  OK  [0m] Started LVM2 metadata daemon.
         Starting Create Static Device Nodes in /dev...
[    6.244784] iscsi: registered transport (iser)
[[0;32m  OK  [0m] Started Load Kernel Modules.
         Starting Apply Kernel Variables...
         Mounting Kernel Configuration File System...
         Mounting FUSE Control File System...
[[0;32m  OK  [0m] Mounted Kernel Configuration File System.
[[0;32m  OK  [0m] Started udev Coldplug all Devices.
[[0;32m  OK  [0m] Mounted FUSE Control File System.
[[0;32m  OK  [0m] Started Nameserver information manager.
[[0;32m  OK  [0m] Started Journal Service.
[[0;32m  OK  [0m] Started Create Static Device Nodes in /dev.
[[0;32m  OK  [0m] Started Remount Root and Kernel File Systems.
         Starting Load/Save Random Seed...
         Starting udev Kernel Device Manager...
         Starting Flush Journal to Persistent Storage...
[[0;32m  OK  [0m] Started Monitoring of LVM2 mirrors,…sing dmeventd or progress polling.
[[0;32m  OK  [0m] Started Load/Save Random Seed.
[[0;32m  OK  [0m] Started udev Kernel Device Manager.
[[0;32m  OK  [0m] Started Apply Kernel Variables.
[[0;32m  OK  [0m] Started Flush Journal to Persistent Storage.
[[0;32m  OK  [0m] Found device /dev/ttyS0.
[[0;32m  OK  [0m] Listening on Load/Save RF Kill Switch Status /dev/rfkill Watch.
[[0;32m  OK  [0m] Found device 82540EM Gigabit Ethern…ler (PRO/1000 MT Desktop Adapter).
[[0;32m  OK  [0m] Found device 82540EM Gigabit Ethern…ler (PRO/1000 MT Desktop Adapter).
[[0;32m  OK  [0m] Reached target Sound Card.
[[0;32m  OK  [0m] Started Set the console keyboard layout.
[[0;32m  OK  [0m] Reached target Local File Systems (Pre).
[[0;32m  OK  [0m] Reached target Local File Systems.
         Starting Tell Plymouth To Write Out Runtime Data...
         Starting ebtables ruleset management...
         Starting Set console font and keymap...
         Starting AppArmor initialization...
         Starting Create Volatile Files and Directories...
[[0;32m  OK  [0m] Started Dispatch Password Requests to Console Directory Watch.
[[0;32m  OK  [0m] Reached target Local Encrypted Volumes.
[[0;32m  OK  [0m] Started Tell Plymouth To Write Out Runtime Data.
[[0;32m  OK  [0m] Started Set console font and keymap.
[[0;32m  OK  [0m] Started Create Volatile Files and Directories.
         Starting Update UTMP about System Boot/Shutdown...
         Starting Network Name Resolution...
[[0;32m  OK  [0m] Started Update UTMP about System Boot/Shutdown.
[[0;32m  OK  [0m] Started ebtables ruleset management.
[[0;32m  OK  [0m] Started Network Name Resolution.
[[0;32m  OK  [0m] Reached target Host and Network Name Lookups.
[[0;32m  OK  [0m] Started AppArmor initialization.
         Starting Load AppArmor profiles managed internally by snapd...
         Starting Initial cloud-init job (pre-networking)...
[[0;32m  OK  [0m] Started Load AppArmor profiles managed internally by snapd.
[    8.876490] cloud-init[844]: Cloud-init v. 21.4-0ubuntu1~18.04.1 running 'init-local' at Wed, 16 Feb 2022 00:55:12 +0000. Up 8.72 seconds.
[[0;32m  OK  [0m] Started Initial cloud-init job (pre-networking).
[[0;32m  OK  [0m] Reached target Network (Pre).
         Starting Raise network interfaces...
[[0;32m  OK  [0m] Started ifup for enp0s8.
[[0;32m  OK  [0m] Started ifup for enp0s3.
         Starting Network Time Synchronization...
         Starting Tell Plymouth To Write Out Runtime Data...
         Stopping Network Name Resolution...
[[0;32m  OK  [0m] Stopped Network Name Resolution.
[[0;32m  OK  [0m] Started Tell Plymouth To Write Out Runtime Data.
         Starting Network Name Resolution...
[[0;32m  OK  [0m] Started Network Time Synchronization.
[[0;32m  OK  [0m] Started Network Name Resolution.
[[0;32m  OK  [0m] Started Raise network interfaces.
[[0;32m  OK  [0m] Reached target Network.
         Starting Initial cloud-init job (metadata service crawler)...
[    9.619289] cloud-init[1210]: Cloud-init v. 21.4-0ubuntu1~18.04.1 running 'init' at Wed, 16 Feb 2022 00:55:13 +0000. Up 9.51 seconds.
[    9.620525] cloud-init[1210]: ci-info: ++++++++++++++++++++++++++++++++++++++Net device info+++++++++++++++++++++++++++++++++++++++
[    9.621893] cloud-init[1210]: ci-info: +--------+------+-----------------------------+---------------+--------+-------------------+
[    9.623200] cloud-init[1210]: ci-info: | Device |  Up  |           Address           |      Mask     | Scope  |     Hw-Address    |
[    9.624618] cloud-init[1210]: ci-info: +--------+------+-----------------------------+---------------+--------+-------------------+
[    9.626056] cloud-init[1210]: ci-info: | enp0s3 | True |          10.0.2.15          | 255.255.255.0 | global | 02:be:82:6b:cc:1d |
[    9.627395] cloud-init[1210]: ci-info: | enp0s3 | True |  fe80::be:82ff:fe6b:cc1d/64 |       .       |  link  | 02:be:82:6b:cc:1d |
[    9.628790] cloud-init[1210]: ci-info: | enp0s8 | True |         192.168.5.20        | 255.255.255.0 | global | 08:00:27:af:34:8f |
[    9.630135] cloud-init[1210]: ci-info: | enp0s8 | True | fe80::a00:27ff:feaf:348f/64 |       .       |  link  | 08:00:27:af:34:8f |
[    9.631517] cloud-init[1210]: ci-info: |   lo   | True |          127.0.0.1          |   255.0.0.0   |  host  |         .         |
[    9.632926] cloud-init[1210]: ci-info: |   lo   | True |           ::1/128           |       .       |  host  |         .         |
[    9.634339] cloud-init[1210]: ci-info: +--------+------+-----------------------------+---------------+--------+-------------------+
[    9.635685] cloud-init[1210]: ci-info: +++++++++++++++++++++++++++Route IPv4 info++++++++++++++++++++++++++++
[    9.636798] cloud-init[1210]: ci-info: +-------+-------------+----------+---------------+-----------+-------+
[    9.638102] cloud-init[1210]: ci-info: | Route | Destination | Gateway  |    Genmask    | Interface | Flags |
[    9.639171] cloud-init[1210]: ci-info: +-------+-------------+----------+---------------+-----------+-------+
[    9.640304] cloud-init[1210]: ci-info: |   0   |   0.0.0.0   | 10.0.2.2 |    0.0.0.0    |   enp0s3  |   UG  |
[    9.641563] cloud-init[1210]: ci-info: |   1   |   10.0.2.0  | 0.0.0.0  | 255.255.255.0 |   enp0s3  |   U   |
[    9.642829] cloud-init[1210]: ci-info: |   2   | 192.168.5.0 | 0.0.0.0  | 255.255.255.0 |   enp0s8  |   U   |
[    9.643936] cloud-init[1210]: ci-info: +-------+-------------+----------+---------------+-----------+-------+
[    9.645105] cloud-init[1210]: ci-info: +++++++++++++++++++Route IPv6 info+++++++++++++++++++
[    9.646296] cloud-init[1210]: ci-info: +-------+-------------+---------+-----------+-------+
[    9.647388] cloud-init[1210]: ci-info: | Route | Destination | Gateway | Interface | Flags |
[    9.648412] cloud-init[1210]: ci-info: +-------+-------------+---------+-----------+-------+
[    9.649413] cloud-init[1210]: ci-info: |   1   |  fe80::/64  |    ::   |   enp0s8  |   U   |
[    9.650416] cloud-init[1210]: ci-info: |   2   |  fe80::/64  |    ::   |   enp0s3  |   U   |
[    9.651456] cloud-init[1210]: ci-info: |   4   |   ff00::/8  |    ::   |   enp0s8  |   U   |
[    9.652583] cloud-init[1210]: ci-info: |   5   |   ff00::/8  |    ::   |   enp0s3  |   U   |
[    9.653723] cloud-init[1210]: ci-info: +-------+-------------+---------+-----------+-------+
[[0;32m  OK  [0m] Started Initial cloud-init job (metadata service crawler).
[[0;32m  OK  [0m] Reached target Cloud-config availability.
[[0;32m  OK  [0m] Reached target System Initialization.
[[0;32m  OK  [0m] Started Message of the Day.
[[0;32m  OK  [0m] Started Discard unused blocks once a week.
[[0;32m  OK  [0m] Listening on ACPID Listen Socket.
[[0;32m  OK  [0m] Started ACPI Events Check.
[[0;32m  OK  [0m] Listening on Open-iSCSI iscsid Socket.
         Starting Socket activation for snappy daemon.
[[0;32m  OK  [0m] Listening on UUID daemon activation socket.
[[0;32m  OK  [0m] Started resolvconf-pull-resolved.path.
[[0;32m  OK  [0m] Started Ubuntu Advantage Timer for running repeated jobs.
         Starting LXD - unix socket.
[[0;32m  OK  [0m] Listening on cloud-init hotplug hook socket.
[[0;32m  OK  [0m] Listening on D-Bus System Message Bus Socket.
[[0;32m  OK  [0m] Started Daily Cleanup of Temporary Directories.
[[0;32m  OK  [0m] Started Daily apt download activities.
[[0;32m  OK  [0m] Started Daily apt upgrade and clean activities.
[[0;32m  OK  [0m] Reached target Timers.
[[0;32m  OK  [0m] Started Trigger to poll for Ubuntu …(Only enabled on GCP LTS non-pro).
[[0;32m  OK  [0m] Reached target Paths.
[[0;32m  OK  [0m] Reached target Network is Online.
[[0;32m  OK  [0m] Reached target Remote File Systems (Pre).
         Starting Availability of block devices...
         Mounting /vagrant...
         Mounting /vagrant_data...
[[0;32m  OK  [0m] Listening on Socket activation for snappy daemon.
[[0;32m  OK  [0m] Listening on LXD - unix socket.
[[0;32m  OK  [0m] Reached target Sockets.
[[0;32m  OK  [0m] Reached target Basic System.
         Starting LXD - container startup/shutdown...
[[0;32m  OK  [0m] Started irqbalance daemon.
         Starting Accounts Service...
[[0;32m  OK  [0m] Started FUSE filesystem for LXC.
[[0;32m  OK  [0m] Started Deferred execution scheduler.
         Starting LSB: Record successful boot for GRUB...
         Starting Login Service...
         Starting Thermal Daemon Service...
         Starting System Logging Service...
         Starting Dispatcher daemon for systemd-networkd...
[[0;32m  OK  [0m] Started D-Bus System Message Bus.
         Starting resolvconf-pull-resolved.service...
         Starting OpenBSD Secure Shell server...
[[0;32m  OK  [0m] Started Regular background program processing daemon.
         Starting Snap Daemon...
[[0;32m  OK  [0m] Started System Logging Service.
[[0;32m  OK  [0m] Started Availability of block devices.
[[0;32m  OK  [0m] Mounted /vagrant.
[[0;32m  OK  [0m] Mounted /vagrant_data.
[[0;32m  OK  [0m] Started resolvconf-pull-resolved.service.
[[0;32m  OK  [0m] Started Login Service.
[[0;32m  OK  [0m] Started Thermal Daemon Service.
[[0;32m  OK  [0m] Started Unattended Upgrades Shutdown.
[[0;32m  OK  [0m] Reached target Remote File Systems.
         Starting Permit User Sessions...
         Starting LSB: automatic crash report generation...
[[0;32m  OK  [0m] Started Permit User Sessions.
         Starting Hold until boot process finishes up...
         Starting Terminate Plymouth Boot Screen...
         Starting Authorization Manager...
[[0;32m  OK  [0m] Started Hold until boot process finishes up.
         Starting Set console scheme...
[[0;32m  OK  [0m] Started Serial Getty on ttyS0.
[[0;32m  OK  [0m] Started Terminate Plymouth Boot Screen.
[[0;32m  OK  [0m] Started OpenBSD Secure Shell server.
[[0;32m  OK  [0m] Started Authorization Manager.
[[0;32m  OK  [0m] Started Accounts Service.
[[0;32m  OK  [0m] Started Set console scheme.
[[0;32m  OK  [0m] Created slice system-getty.slice.
[[0;32m  OK  [0m] Started Getty on tty1.
[[0;32m  OK  [0m] Reached target Login Prompts.
[[0;32m  OK  [0m] Started LSB: automatic crash report generation.
[[0;32m  OK  [0m] Started LSB: Record successful boot for GRUB.
[[0;32m  OK  [0m] Started Dispatcher daemon for systemd-networkd.
[[0;32m  OK  [0m] Started LXD - container startup/shutdown.
[[0;32m  OK  [0m] Started Snap Daemon.
         Starting Wait until snapd is fully seeded...
         Starting Time & Date Service...
[[0;32m  OK  [0m] Started Time & Date Service.
[[0;32m  OK  [0m] Started Wait until snapd is fully seeded.
         Starting Apply the settings specified in cloud-config...
[[0;32m  OK  [0m] Reached target Multi-User System.
[[0;32m  OK  [0m] Reached target Graphical Interface.
         Starting Update UTMP about System Runlevel Changes...
[[0;32m  OK  [0m] Started Update UTMP about System Runlevel Changes.
[   11.206570] cloud-init[1676]: Cloud-init v. 21.4-0ubuntu1~18.04.1 running 'modules:config' at Wed, 16 Feb 2022 00:55:14 +0000. Up 11.13 seconds.
[[0;32m  OK  [0m] Started Apply the settings specified in cloud-config.
         Starting Execute cloud user/final scripts...
[   11.620408] cloud-init[1709]: Cloud-init v. 21.4-0ubuntu1~18.04.1 running 'modules:final' at Wed, 16 Feb 2022 00:55:15 +0000. Up 11.53 seconds.
[   11.621935] cloud-init[1709]: Cloud-init v. 21.4-0ubuntu1~18.04.1 finished at Wed, 16 Feb 2022 00:55:15 +0000. Datasource DataSourceNoCloud [seed=/dev/sdb][dsmode=net].  Up 11.61 seconds
[[0;32m  OK  [0m] Started Execute cloud user/final scripts.
[[0;32m  OK  [0m] Reached target Cloud-init target.

Ubuntu 18.04.6 LTS ubuntu-xenial ttyS0

ubuntu-xenial login: [[0;32m  OK  [0m] Closed Load/Save RF Kill Switch Status /dev/rfkill Watch.
[[0;32m  OK  [0m] Stopped target Host and Network Name Lookups.
         Stopping User Manager for UID 1000...
[[0;32m  OK  [0m] Stopped target Graphical Interface.
         Stopping Session 9 of user vagrant.
         Stopping Accounts Service...
         Stopping Availability of block devices...
[[0;32m  OK  [0m] Stopped target Timers.
[[0;32m  OK  [0m] Stopped Message of the Day.
[[0;32m  OK  [0m] Stopped Ubuntu Advantage Timer for running repeated jobs.
[[0;32m  OK  [0m] Stopped Daily Cleanup of Temporary Directories.
         Stopping Authorization Manager...
[[0;32m  OK  [0m] Stopped target Sound Card.
[[0;32m  OK  [0m] Stopped Daily apt upgrade and clean activities.
[[0;32m  OK  [0m] Stopped Daily apt download activities.
[[0;32m  OK  [0m] Stopped Discard unused blocks once a week.
[[0;32m  OK  [0m] Stopped target System Time Synchronized.
[[0;32m  OK  [0m] Stopped target Cloud-init target.
[[0;32m  OK  [0m] Stopped Execute cloud user/final scripts.
[[0;32m  OK  [0m] Stopped Apply the settings specified in cloud-config.
[[0;32m  OK  [0m] Stopped target Cloud-config availability.
[[0;32m  OK  [0m] Stopped target Multi-User System.
         Stopping LSB: Record successful boot for GRUB...
         Stopping Dispatcher daemon for systemd-networkd...
         Stopping LXD - container startup/shutdown...
[[0;32m  OK  [0m] Stopped target Login Prompts.
         Stopping Getty on tty1...
         Stopping Serial Getty on ttyS0...
         Stopping D-Bus System Message Bus...
         Stopping Unattended Upgrades Shutdown...
         Stopping LSB: automatic crash report generation...
         Stopping Regular background program processing daemon...
         Stopping Deferred execution scheduler...
[[0;32m  OK  [0m] Stopped Wait until snapd is fully seeded.
         Stopping OpenBSD Secure Shell server...
         Stopping irqbalance daemon...
         Stopping System Logging Service...
         Stopping FUSE filesystem for LXC...
[[0;32m  OK  [0m] Stopped irqbalance daemon.
[[0;32m  OK  [0m] Unmounted /var/lib/lxcfs.
